Archive member included to satisfy reference by file (symbol)

../Lab2_Audio_Loop_bsp/\libhal_bsp.a(alt_load.o)
                              ../Lab2_Audio_Loop_bsp//obj/HAL/src/crt0.o (alt_load)
../Lab2_Audio_Loop_bsp/\libhal_bsp.a(alt_main.o)
                              ../Lab2_Audio_Loop_bsp//obj/HAL/src/crt0.o (alt_main)
../Lab2_Audio_Loop_bsp/\libhal_bsp.a(alt_printf.o)
                              obj/default/hello_world.o (alt_printf)
../Lab2_Audio_Loop_bsp/\libhal_bsp.a(alt_putchar.o)
                              ../Lab2_Audio_Loop_bsp/\libhal_bsp.a(alt_printf.o) (alt_putchar)
../Lab2_Audio_Loop_bsp/\libhal_bsp.a(alt_sys_init.o)
                              ../Lab2_Audio_Loop_bsp/\libhal_bsp.a(alt_main.o) (alt_irq_init)
../Lab2_Audio_Loop_bsp/\libhal_bsp.a(altera_avalon_jtag_uart_fd.o)
                              ../Lab2_Audio_Loop_bsp/\libhal_bsp.a(alt_sys_init.o) (altera_avalon_jtag_uart_read_fd)
../Lab2_Audio_Loop_bsp/\libhal_bsp.a(altera_avalon_jtag_uart_init.o)
                              ../Lab2_Audio_Loop_bsp/\libhal_bsp.a(alt_sys_init.o) (altera_avalon_jtag_uart_init)
../Lab2_Audio_Loop_bsp/\libhal_bsp.a(altera_avalon_jtag_uart_ioctl.o)
                              ../Lab2_Audio_Loop_bsp/\libhal_bsp.a(altera_avalon_jtag_uart_fd.o) (altera_avalon_jtag_uart_ioctl)
../Lab2_Audio_Loop_bsp/\libhal_bsp.a(altera_avalon_jtag_uart_read.o)
                              ../Lab2_Audio_Loop_bsp/\libhal_bsp.a(altera_avalon_jtag_uart_fd.o) (altera_avalon_jtag_uart_read)
../Lab2_Audio_Loop_bsp/\libhal_bsp.a(altera_avalon_jtag_uart_write.o)
                              ../Lab2_Audio_Loop_bsp/\libhal_bsp.a(altera_avalon_jtag_uart_fd.o) (altera_avalon_jtag_uart_write)
../Lab2_Audio_Loop_bsp/\libhal_bsp.a(altera_avalon_lcd_16207.o)
                              ../Lab2_Audio_Loop_bsp/\libhal_bsp.a(alt_sys_init.o) (altera_avalon_lcd_16207_init)
../Lab2_Audio_Loop_bsp/\libhal_bsp.a(altera_avalon_lcd_16207_fd.o)
                              ../Lab2_Audio_Loop_bsp/\libhal_bsp.a(alt_sys_init.o) (altera_avalon_lcd_16207_write_fd)
../Lab2_Audio_Loop_bsp/\libhal_bsp.a(altera_avalon_timer_sc.o)
                              ../Lab2_Audio_Loop_bsp/\libhal_bsp.a(alt_sys_init.o) (alt_avalon_timer_sc_init)
../Lab2_Audio_Loop_bsp/\libhal_bsp.a(altera_avalon_uart_fd.o)
                              ../Lab2_Audio_Loop_bsp/\libhal_bsp.a(alt_sys_init.o) (altera_avalon_uart_read_fd)
../Lab2_Audio_Loop_bsp/\libhal_bsp.a(altera_avalon_uart_read.o)
                              ../Lab2_Audio_Loop_bsp/\libhal_bsp.a(altera_avalon_uart_fd.o) (altera_avalon_uart_read)
../Lab2_Audio_Loop_bsp/\libhal_bsp.a(altera_avalon_uart_write.o)
                              ../Lab2_Audio_Loop_bsp/\libhal_bsp.a(altera_avalon_uart_fd.o) (altera_avalon_uart_write)
../Lab2_Audio_Loop_bsp/\libhal_bsp.a(altera_up_avalon_audio.o)
                              obj/default/hello_world.o (alt_up_audio_open_dev)
../Lab2_Audio_Loop_bsp/\libhal_bsp.a(alt_alarm_start.o)
                              ../Lab2_Audio_Loop_bsp/\libhal_bsp.a(altera_avalon_jtag_uart_init.o) (alt_alarm_start)
../Lab2_Audio_Loop_bsp/\libhal_bsp.a(alt_close.o)
                              ../Lab2_Audio_Loop_bsp/\libhal_bsp.a(alt_main.o) (close)
../Lab2_Audio_Loop_bsp/\libhal_bsp.a(alt_dcache_flush_all.o)
                              ../Lab2_Audio_Loop_bsp/\libhal_bsp.a(alt_load.o) (alt_dcache_flush_all)
../Lab2_Audio_Loop_bsp/\libhal_bsp.a(alt_dev.o)
                              ../Lab2_Audio_Loop_bsp/\libhal_bsp.a(alt_sys_init.o) (alt_dev_list)
../Lab2_Audio_Loop_bsp/\libhal_bsp.a(alt_dev_llist_insert.o)
                              ../Lab2_Audio_Loop_bsp/\libhal_bsp.a(alt_sys_init.o) (alt_dev_llist_insert)
../Lab2_Audio_Loop_bsp/\libhal_bsp.a(alt_do_ctors.o)
                              ../Lab2_Audio_Loop_bsp/\libhal_bsp.a(alt_main.o) (_do_ctors)
../Lab2_Audio_Loop_bsp/\libhal_bsp.a(alt_do_dtors.o)
                              ../Lab2_Audio_Loop_bsp/\libhal_bsp.a(alt_main.o) (_do_dtors)
../Lab2_Audio_Loop_bsp/\libhal_bsp.a(alt_errno.o)
                              ../Lab2_Audio_Loop_bsp/\libhal_bsp.a(altera_avalon_uart_read.o) (alt_errno)
../Lab2_Audio_Loop_bsp/\libhal_bsp.a(alt_find_dev.o)
                              ../Lab2_Audio_Loop_bsp/\libhal_bsp.a(altera_up_avalon_audio.o) (alt_find_dev)
../Lab2_Audio_Loop_bsp/\libhal_bsp.a(alt_icache_flush_all.o)
                              ../Lab2_Audio_Loop_bsp/\libhal_bsp.a(alt_load.o) (alt_icache_flush_all)
../Lab2_Audio_Loop_bsp/\libhal_bsp.a(alt_io_redirect.o)
                              ../Lab2_Audio_Loop_bsp/\libhal_bsp.a(alt_main.o) (alt_io_redirect)
../Lab2_Audio_Loop_bsp/\libhal_bsp.a(alt_irq_register.o)
                              ../Lab2_Audio_Loop_bsp/\libhal_bsp.a(altera_avalon_jtag_uart_init.o) (alt_irq_register)
../Lab2_Audio_Loop_bsp/\libhal_bsp.a(alt_irq_vars.o)
[...]
Memory Configuration

Name             Origin             Length             Attributes
reset            0x0000000000800000 0x0000000000000020
sdram_0          0x0000000000800020 0x00000000007fffe0
*default*        0x0000000000000000 0xffffffffffffffff

Linker script and memory map

LOAD ../Lab2_Audio_Loop_bsp//obj/HAL/src/crt0.o
LOAD obj/default/hello_world.o
LOAD c:/software/altera/18.1/nios2eds/bin/gnu/h-x86_64-mingw32/bin/../lib/gcc/nios2-elf/5.3.0/../../../../../H-x86_64-mingw32/nios2-elf/lib\libstdc++.a
LOAD c:/software/altera/18.1/nios2eds/bin/gnu/h-x86_64-mingw32/bin/../lib/gcc/nios2-elf/5.3.0/../../../../../H-x86_64-mingw32/nios2-elf/lib\libm.a
LOAD c:/software/altera/18.1/nios2eds/bin/gnu/h-x86_64-mingw32/bin/../lib/gcc/nios2-elf/5.3.0\libgcc.a
START GROUP
LOAD c:/software/altera/18.1/nios2eds/bin/gnu/h-x86_64-mingw32/bin/../lib/gcc/nios2-elf/5.3.0/../../../../../H-x86_64-mingw32/nios2-elf/lib\libc.a
LOAD c:/software/altera/18.1/nios2eds/bin/gnu/h-x86_64-mingw32/bin/../lib/gcc/nios2-elf/5.3.0\libgcc.a
LOAD ../Lab2_Audio_Loop_bsp/\libhal_bsp.a
LOAD c:/software/altera/18.1/nios2eds/bin/gnu/h-x86_64-mingw32/bin/../lib/gcc/nios2-elf/5.3.0/../../../../../H-x86_64-mingw32/nios2-elf/lib\libm.a
END GROUP
LOAD c:/software/altera/18.1/nios2eds/bin/gnu/h-x86_64-mingw32/bin/../lib/gcc/nios2-elf/5.3.0\libgcc.a
                0x0000000000800000                __alt_mem_sdram_0 = 0x800000

.entry          0x0000000000800000       0x20
 *(.entry)
 .entry         0x0000000000800000       0x20 ../Lab2_Audio_Loop_bsp//obj/HAL/src/crt0.o
                0x0000000000800000                __reset

.exceptions     0x0000000000800020      0x228
                0x0000000000800020                PROVIDE (__ram_exceptions_start, ABSOLUTE (.))
                0x0000000000800020                . = ALIGN (0x20)
 *(.irq)
 *(.exceptions.entry.label)
 .exceptions.entry.label
                0x0000000000800020        0x0 ../Lab2_Audio_Loop_bsp/\libhal_bsp.a(alt_irq_entry.o)
                0x0000000000800020                alt_irq_entry
 .exceptions.entry.label
                0x0000000000800020        0x0 ../Lab2_Audio_Loop_bsp/\libhal_bsp.a(alt_exception_entry.o)
                0x0000000000800020                alt_exception
 *(.exceptions.entry.user)
 *(.exceptions.entry.ecc_fatal)
 *(.exceptions.entry)
 .exceptions.entry
                0x0000000000800020       0x54 ../Lab2_Audio_Loop_bsp/\libhal_bsp.a(alt_exception_entry.o)
 *(.exceptions.irqtest.user)
 *(.exceptions.irqtest)
 .exceptions.irqtest
                0x0000000000800074       0x10 ../Lab2_Audio_Loop_bsp/\libhal_bsp.a(alt_irq_entry.o)
 *(.exceptions.irqhandler.user)
 *(.exceptions.irqhandler)
 .exceptions.irqhandler
                0x0000000000800084        0x4 ../Lab2_Audio_Loop_bsp/\libhal_bsp.a(alt_irq_entry.o)
 *(.exceptions.irqreturn.user)
 *(.exceptions.irqreturn)
 .exceptions.irqreturn
                0x0000000000800088        0x4 ../Lab2_Audio_Loop_bsp/\libhal_bsp.a(alt_irq_entry.o)
 *(.exceptions.notirq.label)
 .exceptions.notirq.label
                0x000000000080008c        0x0 ../Lab2_Audio_Loop_bsp/\libhal_bsp.a(alt_irq_entry.o)
 *(.exceptions.notirq.user)
 *(.exceptions.notirq)
 .exceptions.notirq
                0x000000000080008c        0x8 ../Lab2_Audio_Loop_bsp/\libhal_bsp.a(alt_exception_entry.o)
 *(.exceptions.soft.user)
 *(.exceptions.soft)
 *(.exceptions.unknown.user)
 *(.exceptions.unknown)
 .exceptions.unknown
                0x0000000000800094       0x14 ../Lab2_Audio_Loop_bsp/\libhal_bsp.a(alt_exception_entry.o)
 *(.exceptions.exit.label)
 .exceptions.exit.label
                0x00000000008000a8        0x0 ../Lab2_Audio_Loop_bsp/\libhal_bsp.a(alt_irq_entry.o)
 .exceptions.exit.label
                0x00000000008000a8        0x0 ../Lab2_Audio_Loop_bsp/\libhal_bsp.a(alt_exception_entry.o)
 *(.exceptions.exit.user)
 *(.exceptions.exit)
 .exceptions.exit
                0x00000000008000a8       0x54 ../Lab2_Audio_Loop_bsp/\libhal_bsp.a(alt_exception_entry.o)
 *(.exceptions)
 .exceptions    0x00000000008000fc       0xd8 ../Lab2_Audio_Loop_bsp/\libhal_bsp.a(alt_irq_handler.o)
                0x00000000008000fc                alt_irq_handler
 .exceptions    0x00000000008001d4       0x74 ../Lab2_Audio_Loop_bsp/\libhal_bsp.a(alt_instruction_exception_entry.o)
                0x00000000008001d4                alt_instruction_exception_entry
                0x0000000000800248                PROVIDE (__ram_exceptions_end, ABSOLUTE (.))
                0x0000000000800020                PROVIDE (__flash_exceptions_start, LOADADDR (.exceptions))

.text           0x0000000000800248     0x6870
                [!provide]                        PROVIDE (stext, ABSOLUTE (.))
 *(.interp)
 *(.hash)
 *(.dynsym)
 *(.dynstr)
 *(.gnu.version)
 *(.gnu.version_d)
 *(.gnu.version_r)
 *(.rel.init)
 *(.rela.init)
 *(.rel.text .rel.text.* .rel.gnu.linkonce.t.*)
 *(.rela.text .rela.text.* .rela.gnu.linkonce.t.*)
 *(.rel.fini)
 *(.rela.fini)
 *(.rel.rodata .rel.rodata.* .rel.gnu.linkonce.r.*)
 *(.rela.rodata .rela.rodata.* .rela.gnu.linkonce.r.*)
 *(.rel.data .rel.data.* .rel.gnu.linkonce.d.*)
 *(.rela.data .rela.data.* .rela.gnu.linkonce.d.*)
 *(.rel.tdata .rel.tdata.* .rel.gnu.linkonce.td.*)
 *(.rela.tdata .rela.tdata.* .rela.gnu.linkonce.td.*)
 *(.rel.tbss .rel.tbss.* .rel.gnu.linkonce.tb.*)
 *(.rela.tbss .rela.tbss.* .rela.gnu.linkonce.tb.*)
 *(.rel.ctors)
 *(.rela.ctors)
 *(.rel.dtors)
 *(.rela.dtors)
 *(.rel.got)
 *(.rela.got)
 *(.rel.sdata .rel.sdata.* .rel.gnu.linkonce.s.*)
 *(.rela.sdata .rela.sdata.* .rela.gnu.linkonce.s.*)
 *(.rel.sbss .rel.sbss.* .rel.gnu.linkonce.sb.*)
 *(.rela.sbss .rela.sbss.* .rela.gnu.linkonce.sb.*)
 *(.rel.sdata2 .rel.sdata2.* .rel.gnu.linkonce.s2.*)
 *(.rela.sdata2 .rela.sdata2.* .rela.gnu.linkonce.s2.*)
 *(.rel.sbss2 .rel.sbss2.* .rel.gnu.linkonce.sb2.*)
 *(.rela.sbss2 .rela.sbss2.* .rela.gnu.linkonce.sb2.*)
 *(.rel.bss .rel.bss.* .rel.gnu.linkonce.b.*)
 *(.rela.bss .rela.bss.* .rela.gnu.linkonce.b.*)
 *(.rel.plt)
 *(.rela.plt)
 *(.rel.dyn)
 *(.init)
 *(.plt)
 *(.text .stub .text.* .gnu.linkonce.t.*)
 .text          0x0000000000800248       0x4c ../Lab2_Audio_Loop_bsp//obj/HAL/src/crt0.o
                0x0000000000800248                _start
 .text          0x0000000000800294       0xc0 obj/default/hello_world.o
                0x0000000000800294                main
 .text          0x0000000000800354       0xec ../Lab2_Audio_Loop_bsp/\libhal_bsp.a(alt_load.o)
                0x00000000008003bc                alt_load
 .text          0x0000000000800440       0x7c ../Lab2_Audio_Loop_bsp/\libhal_bsp.a(alt_main.o)
                0x0000000000800440                alt_main
 .text          0x00000000008004bc      0x22c ../Lab2_Audio_Loop_bsp/\libhal_bsp.a(alt_printf.o)
                0x00000000008004bc                alt_printf
 .text          0x00000000008006e8       0x3c ../Lab2_Audio_Loop_bsp/\libhal_bsp.a(alt_putchar.o)
                0x00000000008006e8                alt_putchar
 .text          0x0000000000800724      0x10c ../Lab2_Audio_Loop_bsp/\libhal_bsp.a(alt_sys_init.o)
                0x0000000000800758                alt_irq_init
                0x0000000000800790                alt_sys_init
 .text          0x0000000000800830      0x164 ../Lab2_Audio_Loop_bsp/\libhal_bsp.a(altera_avalon_jtag_uart_fd.o)
                0x0000000000800830                altera_avalon_jtag_uart_read_fd
                0x0000000000800890                altera_avalon_jtag_uart_write_fd
                0x00000000008008f0                altera_avalon_jtag_uart_close_fd
                0x0000000000800940                altera_avalon_jtag_uart_ioctl_fd
 .text          0x0000000000800994      0x3cc ../Lab2_Audio_Loop_bsp/\libhal_bsp.a(altera_avalon_jtag_uart_init.o)
                0x0000000000800994                altera_avalon_jtag_uart_init
                0x0000000000800cf8                altera_avalon_jtag_uart_close
 .text          0x0000000000800d60       0xf0 ../Lab2_Audio_Loop_bsp/\libhal_bsp.a(altera_avalon_jtag_uart_ioctl.o)
                0x0000000000800d60                altera_avalon_jtag_uart_ioctl
 .text          0x0000000000800e50      0x21c ../Lab2_Audio_Loop_bsp/\libhal_bsp.a(altera_avalon_jtag_uart_read.o)
                0x0000000000800e50                altera_avalon_jtag_uart_read
 .text          0x000000000080106c      0x224 ../Lab2_Audio_Loop_bsp/\libhal_bsp.a(altera_avalon_jtag_uart_write.o)
                0x000000000080106c                altera_avalon_jtag_uart_write
 .text          0x0000000000801290      0xe7c ../Lab2_Audio_Loop_bsp/\libhal_bsp.a(altera_avalon_lcd_16207.o)
                0x0000000000801a54                altera_avalon_lcd_16207_write
                0x0000000000801fd8                altera_avalon_lcd_16207_init
 .text          0x000000000080210c       0x60 ../Lab2_Audio_Loop_bsp/\libhal_bsp.a(altera_avalon_lcd_16207_fd.o)
                0x000000000080210c                altera_avalon_lcd_16207_write_fd
 .text          0x000000000080216c       0xf0 ../Lab2_Audio_Loop_bsp/\libhal_bsp.a(altera_avalon_timer_sc.o)
                0x00000000008021e8                alt_avalon_timer_sc_init
 .text          0x000000000080225c       0xc0 ../Lab2_Audio_Loop_bsp/\libhal_bsp.a(altera_avalon_uart_fd.o)
                0x000000000080225c                altera_avalon_uart_read_fd
                0x00000000008022bc                altera_avalon_uart_write_fd
 .text          0x000000000080231c      0x100 ../Lab2_Audio_Loop_bsp/\libhal_bsp.a(altera_avalon_uart_read.o)
                0x0000000000802358                altera_avalon_uart_read
 .text          0x000000000080241c      0x11c ../Lab2_Audio_Loop_bsp/\libhal_bsp.a(altera_avalon_uart_write.o)
                0x0000000000802458                altera_avalon_uart_write
 .text          0x0000000000802538      0x7a8 ../Lab2_Audio_Loop_bsp/\libhal_bsp.a(altera_up_avalon_audio.o)
                0x0000000000802538                alt_up_audio_open_dev
                0x0000000000802574                alt_up_audio_enable_read_interrupt
                0x00000000008025c8                alt_up_audio_disable_read_interrupt
                0x0000000000802620                alt_up_audio_enable_write_interrupt
                0x0000000000802674                alt_up_audio_disable_write_interrupt
                0x00000000008026cc                alt_up_audio_read_interrupt_pending
                0x000000000080270c                alt_up_audio_write_interrupt_pending
                0x000000000080274c                alt_up_audio_reset_audio_core
                0x00000000008027e0                alt_up_audio_read_fifo_avail
                0x0000000000802840                alt_up_audio_record_r
                0x00000000008028a8                alt_up_audio_record_l
                0x0000000000802910                alt_up_audio_write_fifo_space
                0x0000000000802970                alt_up_audio_play_r
                0x00000000008029d8                alt_up_audio_play_l
                0x0000000000802a40                alt_up_audio_read_fifo
                0x0000000000802b20                alt_up_audio_write_fifo
                0x0000000000802c28                alt_up_audio_read_fifo_head
                0x0000000000802c78                alt_up_audio_write_fifo_head
 .text          0x0000000000802ce0      0x12c ../Lab2_Audio_Loop_bsp/\libhal_bsp.a(alt_alarm_start.o)
                0x0000000000802ce0                alt_alarm_start
 .text          0x0000000000802e0c      0x10c ../Lab2_Audio_Loop_bsp/\libhal_bsp.a(alt_close.o)
                0x0000000000802e48                close
 .text          0x0000000000802f18       0x48 ../Lab2_Audio_Loop_bsp/\libhal_bsp.a(alt_dcache_flush_all.o)
                0x0000000000802f18                alt_dcache_flush_all
 .text          0x0000000000802f60       0x2c ../Lab2_Audio_Loop_bsp/\libhal_bsp.a(alt_dev.o)
 .text          0x0000000000802f8c       0xe0 ../Lab2_Audio_Loop_bsp/\libhal_bsp.a(alt_dev_llist_insert.o)
                0x0000000000802fc8                alt_dev_llist_insert
 .text          0x000000000080306c       0x60 ../Lab2_Audio_Loop_bsp/\libhal_bsp.a(alt_do_ctors.o)
                0x000000000080306c                _do_ctors
 .text          0x00000000008030cc       0x60 ../Lab2_Audio_Loop_bsp/\libhal_bsp.a(alt_do_dtors.o)
                0x00000000008030cc                _do_dtors
 .text          0x000000000080312c        0x0 ../Lab2_Audio_Loop_bsp/\libhal_bsp.a(alt_errno.o)
 .text          0x000000000080312c       0x90 ../Lab2_Audio_Loop_bsp/\libhal_bsp.a(alt_find_dev.o)
                0x000000000080312c                alt_find_dev
 .text          0x00000000008031bc       0x34 ../Lab2_Audio_Loop_bsp/\libhal_bsp.a(alt_icache_flush_all.o)
                0x00000000008031bc                alt_icache_flush_all
 .text          0x00000000008031f0      0x140 ../Lab2_Audio_Loop_bsp/\libhal_bsp.a(alt_io_redirect.o)
                0x00000000008032b4                alt_io_redirect
 .text          0x0000000000803330      0x180 ../Lab2_Audio_Loop_bsp/\libhal_bsp.a(alt_irq_register.o)
                0x0000000000803330                alt_irq_register
 .text          0x00000000008034b0        0x0 ../Lab2_Audio_Loop_bsp/\libhal_bsp.a(alt_irq_vars.o)
 .text          0x00000000008034b0      0x254 ../Lab2_Audio_Loop_bsp/\libhal_bsp.a(alt_open.o)
                0x00000000008035b0                open
 .text          0x0000000000803704       0x64 ../Lab2_Audio_Loop_bsp/\libhal_bsp.a(alt_release_fd.o)
                0x0000000000803704                alt_release_fd
 .text          0x0000000000803768      0x1a4 ../Lab2_Audio_Loop_bsp/\libhal_bsp.a(alt_tick.o)
                0x0000000000803768                alt_alarm_stop
                0x0000000000803804                alt_tick
 .text          0x000000000080390c       0x30 ../Lab2_Audio_Loop_bsp/\libhal_bsp.a(alt_usleep.o)
                0x000000000080390c                usleep
 .text          0x000000000080393c       0x24 ../Lab2_Audio_Loop_bsp/\libhal_bsp.a(altera_nios2_gen2_irq.o)
                0x000000000080393c                altera_nios2_gen2_irq_init
 .text          0x0000000000803960      0x158 ../Lab2_Audio_Loop_bsp/\libhal_bsp.a(alt_busy_sleep.o)
                0x0000000000803960                alt_busy_sleep
 .text          0x0000000000803ab8      0x108 ../Lab2_Audio_Loop_bsp/\libhal_bsp.a(alt_find_file.o)
                0x0000000000803ab8                alt_find_file
 .text          0x0000000000803bc0       0xa4 ../Lab2_Audio_Loop_bsp/\libhal_bsp.a(alt_get_fd.o)
                0x0000000000803bc0                alt_get_fd
 .text          0x0000000000803c64       0x90 ../Lab2_Audio_Loop_bsp/\libhal_bsp.a(alt_icache_flush.o)
                0x0000000000803c64                alt_icache_flush
 .text          0x0000000000803cf4        0x0 ../Lab2_Audio_Loop_bsp/\libhal_bsp.a(alt_irq_entry.o)
 .text          0x0000000000803cf4        0x0 ../Lab2_Audio_Loop_bsp/\libhal_bsp.a(alt_irq_handler.o)
 .text          0x0000000000803cf4        0x0 ../Lab2_Audio_Loop_bsp/\libhal_bsp.a(alt_exception_entry.o)
 .text          0x0000000000803cf4       0x9c ../Lab2_Audio_Loop_bsp/\libhal_bsp.a(alt_instruction_exception_entry.o)
                0x0000000000803cf4                alt_exception_cause_generated_bad_addr
 .text          0x0000000000803d90        0x0 c:/software/altera/18.1/nios2eds/bin/gnu/h-x86_64-mingw32/bin/../lib/gcc/nios2-elf/5.3.0/../../../../../H-x86_64-mingw32/nios2-elf/lib\libc.a(lib_a-atexit.o)
 .text.atexit   0x0000000000803d90       0x14 c:/software/altera/18.1/nios2eds/bin/gnu/h-x86_64-mingw32/bin/../lib/gcc/nios2-elf/5.3.0/../../../../../H-x86_64-mingw32/nios2-elf/lib\libc.a(lib_a-atexit.o)
                0x0000000000803d90                atexit
 .text          0x0000000000803da4        0x0 c:/software/altera/18.1/nios2eds/bin/gnu/h-x86_64-mingw32/bin/../lib/gcc/nios2-elf/5.3.0/../../../../../H-x86_64-mingw32/nios2-elf/lib\libc.a(lib_a-ctype_.o)
 .text          0x0000000000803da4        0x0 c:/software/altera/18.1/nios2eds/bin/gnu/h-x86_64-mingw32/bin/../lib/gcc/nios2-elf/5.3.0/../../../../../H-x86_64-mingw32/nios2-elf/lib\libc.a(lib_a-exit.o)
 .text.exit     0x0000000000803da4       0x38 c:/software/altera/18.1/nios2eds/bin/gnu/h-x86_64-mingw32/bin/../lib/gcc/nios2-elf/5.3.0/../../../../../H-x86_64-mingw32/nios2-elf/lib\libc.a(lib_a-exit.o)
                0x0000000000803da4                exit
 .text          0x0000000000803ddc        0x0 c:/software/altera/18.1/nios2eds/bin/gnu/h-x86_64-mingw32/bin/../lib/gcc/nios2-elf/5.3.0/../../../../../H-x86_64-mingw32/nios2-elf/lib\libc.a(lib_a-impure.o)
 .text          0x0000000000803ddc        0x0 c:/software/altera/18.1/nios2eds/bin/gnu/h-x86_64-mingw32/bin/../lib/gcc/nios2-elf/5.3.0/../../../../../H-x86_64-mingw32/nios2-elf/lib\libc.a(lib_a-int_errno.o)
 .text          0x0000000000803ddc        0x0 c:/software/altera/18.1/nios2eds/bin/gnu/h-x86_64-mingw32/bin/../lib/gcc/nios2-elf/5.3.0/../../../../../H-x86_64-mingw32/nios2-elf/lib\libc.a(lib_a-memcmp.o)
 .text.memcmp   0x0000000000803ddc       0x7c c:/software/altera/18.1/nios2eds/bin/gnu/h-x86_64-mingw32/bin/../lib/gcc/nios2-elf/5.3.0/../../../../../H-x86_64-mingw32/nios2-elf/lib\libc.a(lib_a-memcmp.o)
                0x0000000000803ddc                memcmp
 .text          0x0000000000803e58        0x0 c:/software/altera/18.1/nios2eds/bin/gnu/h-x86_64-mingw32/bin/../lib/gcc/nios2-elf/5.3.0/../../../../../H-x86_64-mingw32/nios2-elf/lib\libc.a(lib_a-memcpy.o)
 .text.memcpy   0x0000000000803e58      0x148 c:/software/altera/18.1/nios2eds/bin/gnu/h-x86_64-mingw32/bin/../lib/gcc/nios2-elf/5.3.0/../../../../../H-x86_64-mingw32/nios2-elf/lib\libc.a(lib_a-memcpy.o)
                0x0000000000803e58                memcpy
 .text          0x0000000000803fa0        0x0 c:/software/altera/18.1/nios2eds/bin/gnu/h-x86_64-mingw32/bin/../lib/gcc/nios2-elf/5.3.0/../../../../../H-x86_64-mingw32/nios2-elf/lib\libc.a(lib_a-memset.o)
 .text.memset   0x0000000000803fa0      0x128 c:/software/altera/18.1/nios2eds/bin/gnu/h-x86_64-mingw32/bin/../lib/gcc/nios2-elf/5.3.0/../../../../../H-x86_64-mingw32/nios2-elf/lib\libc.a(lib_a-memset.o)
                0x0000000000803fa0                memset
 .text          0x00000000008040c8        0x0 c:/software/altera/18.1/nios2eds/bin/gnu/h-x86_64-mingw32/bin/../lib/gcc/nios2-elf/5.3.0/../../../../../H-x86_64-mingw32/nios2-elf/lib\libc.a(lib_a-putc.o)
 .text._putc_r  0x00000000008040c8       0xa0 c:/software/altera/18.1/nios2eds/bin/gnu/h-x86_64-mingw32/bin/../lib/gcc/nios2-elf/5.3.0/../../../../../H-x86_64-mingw32/nios2-elf/lib\libc.a(lib_a-putc.o)
                0x00000000008040c8                _putc_r
 .text.putc     0x0000000000804168       0xc8 c:/software/altera/18.1/nios2eds/bin/gnu/h-x86_64-mingw32/bin/../lib/gcc/nios2-elf/5.3.0/../../../../../H-x86_64-mingw32/nios2-elf/lib\libc.a(lib_a-putc.o)
                0x0000000000804168                putc
 .text          0x0000000000804230        0x0 c:/software/altera/18.1/nios2eds/bin/gnu/h-x86_64-mingw32/bin/../lib/gcc/nios2-elf/5.3.0/../../../../../H-x86_64-mingw32/nios2-elf/lib\libc.a(lib_a-strlen.o)
 .text.strlen   0x0000000000804230       0x98 c:/software/altera/18.1/nios2eds/bin/gnu/h-x86_64-mingw32/bin/../lib/gcc/nios2-elf/5.3.0/../../../../../H-x86_64-mingw32/nios2-elf/lib\libc.a(lib_a-strlen.o)
                0x0000000000804230                strlen
 .text          0x00000000008042c8        0x0 c:/software/altera/18.1/nios2eds/bin/gnu/h-x86_64-mingw32/bin/../lib/gcc/nios2-elf/5.3.0/../../../../../H-x86_64-mingw32/nios2-elf/lib\libc.a(lib_a-wbuf.o)
 .text.__swbuf_r
                0x00000000008042c8      0x140 c:/software/altera/18.1/nios2eds/bin/gnu/h-x86_64-mingw32/bin/../lib/gcc/nios2-elf/5.3.0/../../../../../H-x86_64-mingw32/nios2-elf/lib\libc.a(lib_a-wbuf.o)
                0x00000000008042c8                __swbuf_r
 .text.__swbuf  0x0000000000804408       0x18 c:/software/altera/18.1/nios2eds/bin/gnu/h-x86_64-mingw32/bin/../lib/gcc/nios2-elf/5.3.0/../../../../../H-x86_64-mingw32/nios2-elf/lib\libc.a(lib_a-wbuf.o)
                0x0000000000804408                __swbuf
 .text          0x0000000000804420        0x0 c:/software/altera/18.1/nios2eds/bin/gnu/h-x86_64-mingw32/bin/../lib/gcc/nios2-elf/5.3.0/../../../../../H-x86_64-mingw32/nios2-elf/lib\libc.a(lib_a-wsetup.o)
 .text.__swsetup_r
                0x0000000000804420      0x154 c:/software/altera/18.1/nios2eds/bin/gnu/h-x86_64-mingw32/bin/../lib/gcc/nios2-elf/5.3.0/../../../../../H-x86_64-mingw32/nios2-elf/lib\libc.a(lib_a-wsetup.o)
                0x0000000000804420                __swsetup_r
 .text          0x0000000000804574        0x0 c:/software/altera/18.1/nios2eds/bin/gnu/h-x86_64-mingw32/bin/../lib/gcc/nios2-elf/5.3.0/../../../../../H-x86_64-mingw32/nios2-elf/lib\libc.a(lib_a-__atexit.o)
 .text.__register_exitproc
                0x0000000000804574      0x118 c:/software/altera/18.1/nios2eds/bin/gnu/h-x86_64-mingw32/bin/../lib/gcc/nios2-elf/5.3.0/../../../../../H-x86_64-mingw32/nios2-elf/lib\libc.a(lib_a-__atexit.o)
                0x0000000000804574                __register_exitproc
 .text          0x000000000080468c        0x0 c:/software/altera/18.1/nios2eds/bin/gnu/h-x86_64-mingw32/bin/../lib/gcc/nios2-elf/5.3.0/../../../../../H-x86_64-mingw32/nios2-elf/lib\libc.a(lib_a-__call_atexit.o)
 .text.__call_exitprocs
                0x000000000080468c      0x180 c:/software/altera/18.1/nios2eds/bin/gnu/h-x86_64-mingw32/bin/../lib/gcc/nios2-elf/5.3.0/../../../../../H-x86_64-mingw32/nios2-elf/lib\libc.a(lib_a-__call_atexit.o)
                0x000000000080468c                __call_exitprocs
 .text          0x000000000080480c        0x0 c:/software/altera/18.1/nios2eds/bin/gnu/h-x86_64-mingw32/bin/../lib/gcc/nios2-elf/5.3.0/../../../../../H-x86_64-mingw32/nios2-elf/lib\libc.a(lib_a-fflush.o)
 .text.__sflush_r
                0x000000000080480c      0x21c c:/software/altera/18.1/nios2eds/bin/gnu/h-x86_64-mingw32/bin/../lib/gcc/nios2-elf/5.3.0/../../../../../H-x86_64-mingw32/nios2-elf/lib\libc.a(lib_a-fflush.o)
                0x000000000080480c                __sflush_r
 .text._fflush_r
                0x0000000000804a28       0x5c c:/software/altera/18.1/nios2eds/bin/gnu/h-x86_64-mingw32/bin/../lib/gcc/nios2-elf/5.3.0/../../../../../H-x86_64-mingw32/nios2-elf/lib\libc.a(lib_a-fflush.o)
                0x0000000000804a28                _fflush_r
 .text.fflush   0x0000000000804a84       0x30 c:/software/altera/18.1/nios2eds/bin/gnu/h-x86_64-mingw32/bin/../lib/gcc/nios2-elf/5.3.0/../../../../../H-x86_64-mingw32/nios2-elf/lib\libc.a(lib_a-fflush.o)
                0x0000000000804a84                fflush
 .text          0x0000000000804ab4        0x0 c:/software/altera/18.1/nios2eds/bin/gnu/h-x86_64-mingw32/bin/../lib/gcc/nios2-elf/5.3.0/../../../../../H-x86_64-mingw32/nios2-elf/lib\libc.a(lib_a-findfp.o)
 .text.__fp_unlock
                0x0000000000804ab4        0x8 c:/software/altera/18.1/nios2eds/bin/gnu/h-x86_64-mingw32/bin/../lib/gcc/nios2-elf/5.3.0/../../../../../H-x86_64-mingw32/nios2-elf/lib\libc.a(lib_a-findfp.o)
 .text._cleanup_r
                0x0000000000804abc        0xc c:/software/altera/18.1/nios2eds/bin/gnu/h-x86_64-mingw32/bin/../lib/gcc/nios2-elf/5.3.0/../../../../../H-x86_64-mingw32/nios2-elf/lib\libc.a(lib_a-findfp.o)
                0x0000000000804abc                _cleanup_r
 .text.__sinit.part.1
                0x0000000000804ac8      0x19c c:/software/altera/18.1/nios2eds/bin/gnu/h-x86_64-mingw32/bin/../lib/gcc/nios2-elf/5.3.0/../../../../../H-x86_64-mingw32/nios2-elf/lib\libc.a(lib_a-findfp.o)
 .text.__fp_lock
                0x0000000000804c64        0x8 c:/software/altera/18.1/nios2eds/bin/gnu/h-x86_64-mingw32/bin/../lib/gcc/nios2-elf/5.3.0/../../../../../H-x86_64-mingw32/nios2-elf/lib\libc.a(lib_a-findfp.o)
 .text.__sfmoreglue
                0x0000000000804c6c       0x68 c:/software/altera/18.1/nios2eds/bin/gnu/h-x86_64-mingw32/bin/../lib/gcc/nios2-elf/5.3.0/../../../../../H-x86_64-mingw32/nios2-elf/lib\libc.a(lib_a-findfp.o)
                0x0000000000804c6c                __sfmoreglue
 .text.__sfp    0x0000000000804cd4      0x118 c:/software/altera/18.1/nios2eds/bin/gnu/h-x86_64-mingw32/bin/../lib/gcc/nios2-elf/5.3.0/../../../../../H-x86_64-mingw32/nios2-elf/lib\libc.a(lib_a-findfp.o)
                0x0000000000804cd4                __sfp
 .text._cleanup
                0x0000000000804dec       0x18 c:/software/altera/18.1/nios2eds/bin/gnu/h-x86_64-mingw32/bin/../lib/gcc/nios2-elf/5.3.0/../../../../../H-x86_64-mingw32/nios2-elf/lib\libc.a(lib_a-findfp.o)
                0x0000000000804dec                _cleanup
 .text.__sinit  0x0000000000804e04       0x10 c:/software/altera/18.1/nios2eds/bin/gnu/h-x86_64-mingw32/bin/../lib/gcc/nios2-elf/5.3.0/../../../../../H-x86_64-mingw32/nios2-elf/lib\libc.a(lib_a-findfp.o)
                0x0000000000804e04                __sinit
 .text.__sfp_lock_acquire
                0x0000000000804e14        0x4 c:/software/altera/18.1/nios2eds/bin/gnu/h-x86_64-mingw32/bin/../lib/gcc/nios2-elf/5.3.0/../../../../../H-x86_64-mingw32/nios2-elf/lib\libc.a(lib_a-findfp.o)
                0x0000000000804e14                __sfp_lock_acquire
 .text.__sfp_lock_release
                0x0000000000804e18        0x4 c:/software/altera/18.1/nios2eds/bin/gnu/h-x86_64-mingw32/bin/../lib/gcc/nios2-elf/5.3.0/../../../../../H-x86_64-mingw32/nios2-elf/lib\libc.a(lib_a-findfp.o)
                0x0000000000804e18                __sfp_lock_release
 .text.__sinit_lock_acquire
                0x0000000000804e1c        0x4 c:/software/altera/18.1/nios2eds/bin/gnu/h-x86_64-mingw32/bin/../lib/gcc/nios2-elf/5.3.0/../../../../../H-x86_64-mingw32/nios2-elf/lib\libc.a(lib_a-findfp.o)
                0x0000000000804e1c                __sinit_lock_acquire
 .text.__sinit_lock_release
                0x0000000000804e20        0x4 c:/software/altera/18.1/nios2eds/bin/gnu/h-x86_64-mingw32/bin/../lib/gcc/nios2-elf/5.3.0/../../../../../H-x86_64-mingw32/nios2-elf/lib\libc.a(lib_a-findfp.o)
                0x0000000000804e20                __sinit_lock_release
 .text.__fp_lock_all
                0x0000000000804e24       0x18 c:/software/altera/18.1/nios2eds/bin/gnu/h-x86_64-mingw32/bin/../lib/gcc/nios2-elf/5.3.0/../../../../../H-x86_64-mingw32/nios2-elf/lib\libc.a(lib_a-findfp.o)
                0x0000000000804e24                __fp_lock_all
 .text.__fp_unlock_all
                0x0000000000804e3c       0x18 c:/software/altera/18.1/nios2eds/bin/gnu/h-x86_64-mingw32/bin/../lib/gcc/nios2-elf/5.3.0/../../../../../H-x86_64-mingw32/nios2-elf/lib\libc.a(lib_a-findfp.o)
                0x0000000000804e3c                __fp_unlock_all
 .text          0x0000000000804e54        0x0 c:/software/altera/18.1/nios2eds/bin/gnu/h-x86_64-mingw32/bin/../lib/gcc/nios2-elf/5.3.0/../../../../../H-x86_64-mingw32/nios2-elf/lib\libc.a(lib_a-freer.o)
 .text._malloc_trim_r
                0x0000000000804e54      0x124 c:/software/altera/18.1/nios2eds/bin/gnu/h-x86_64-mingw32/bin/../lib/gcc/nios2-elf/5.3.0/../../../../../H-x86_64-mingw32/nios2-elf/lib\libc.a(lib_a-freer.o)
                0x0000000000804e54                _malloc_trim_r
 .text._free_r  0x0000000000804f78      0x310 c:/software/altera/18.1/nios2eds/bin/gnu/h-x86_64-mingw32/bin/../lib/gcc/nios2-elf/5.3.0/../../../../../H-x86_64-mingw32/nios2-elf/lib\libc.a(lib_a-freer.o)
                0x0000000000804f78                _free_r
 .text          0x0000000000805288        0x0 c:/software/altera/18.1/nios2eds/bin/gnu/h-x86_64-mingw32/bin/../lib/gcc/nios2-elf/5.3.0/../../../../../H-x86_64-mingw32/nios2-elf/lib\libc.a(lib_a-fwalk.o)
 .text._fwalk   0x0000000000805288       0xc4 c:/software/altera/18.1/nios2eds/bin/gnu/h-x86_64-mingw32/bin/../lib/gcc/nios2-elf/5.3.0/../../../../../H-x86_64-mingw32/nios2-elf/lib\libc.a(lib_a-fwalk.o)
                0x0000000000805288                _fwalk
 .text._fwalk_reent
                0x000000000080534c       0xc4 c:/software/altera/18.1/nios2eds/bin/gnu/h-x86_64-mingw32/bin/../lib/gcc/nios2-elf/5.3.0/../../../../../H-x86_64-mingw32/nios2-elf/lib\libc.a(lib_a-fwalk.o)
                0x000000000080534c                _fwalk_reent
 .text          0x0000000000805410        0x0 c:/software/altera/18.1/nios2eds/bin/gnu/h-x86_64-mingw32/bin/../lib/gcc/nios2-elf/5.3.0/../../../../../H-x86_64-mingw32/nios2-elf/lib\libc.a(lib_a-makebuf.o)
 .text.__smakebuf_r
                0x0000000000805410      0x1bc c:/software/altera/18.1/nios2eds/bin/gnu/h-x86_64-mingw32/bin/../lib/gcc/nios2-elf/5.3.0/../../../../../H-x86_64-mingw32/nios2-elf/lib\libc.a(lib_a-makebuf.o)
                0x0000000000805410                __smakebuf_r
 .text          0x00000000008055cc        0x0 c:/software/altera/18.1/nios2eds/bin/gnu/h-x86_64-mingw32/bin/../lib/gcc/nios2-elf/5.3.0/../../../../../H-x86_64-mingw32/nios2-elf/lib\libc.a(lib_a-mallocr.o)
 .text._malloc_r
                0x00000000008055cc      0x80c c:/software/altera/18.1/nios2eds/bin/gnu/h-x86_64-mingw32/bin/../lib/gcc/nios2-elf/5.3.0/../../../../../H-x86_64-mingw32/nios2-elf/lib\libc.a(lib_a-mallocr.o)
                0x00000000008055cc                _malloc_r
 .text          0x0000000000805dd8        0x0 c:/software/altera/18.1/nios2eds/bin/gnu/h-x86_64-mingw32/bin/../lib/gcc/nios2-elf/5.3.0/../../../../../H-x86_64-mingw32/nios2-elf/lib\libc.a(lib_a-sbrkr.o)
 .text._sbrk_r  0x0000000000805dd8       0x54 c:/software/altera/18.1/nios2eds/bin/gnu/h-x86_64-mingw32/bin/../lib/gcc/nios2-elf/5.3.0/../../../../../H-x86_64-mingw32/nios2-elf/lib\libc.a(lib_a-sbrkr.o)
                0x0000000000805dd8                _sbrk_r
 .text          0x0000000000805e2c        0x0 c:/software/altera/18.1/nios2eds/bin/gnu/h-x86_64-mingw32/bin/../lib/gcc/nios2-elf/5.3.0/../../../../../H-x86_64-mingw32/nios2-elf/lib\libc.a(lib_a-stdio.o)
 .text.__sread  0x0000000000805e2c       0x54 c:/software/altera/18.1/nios2eds/bin/gnu/h-x86_64-mingw32/bin/../lib/gcc/nios2-elf/5.3.0/../../../../../H-x86_64-mingw32/nios2-elf/lib\libc.a(lib_a-stdio.o)
                0x0000000000805e2c                __sread
 .text.__seofread
                0x0000000000805e80        0x8 c:/software/altera/18.1/nios2eds/bin/gnu/h-x86_64-mingw32/bin/../lib/gcc/nios2-elf/5.3.0/../../../../../H-x86_64-mingw32/nios2-elf/lib\libc.a(lib_a-stdio.o)
                0x0000000000805e80                __seofread
 .text.__swrite
                0x0000000000805e88       0x7c c:/software/altera/18.1/nios2eds/bin/gnu/h-x86_64-mingw32/bin/../lib/gcc/nios2-elf/5.3.0/../../../../../H-x86_64-mingw32/nios2-elf/lib\libc.a(lib_a-stdio.o)
                0x0000000000805e88                __swrite
 .text.__sseek  0x0000000000805f04       0x5c c:/software/altera/18.1/nios2eds/bin/gnu/h-x86_64-mingw32/bin/../lib/gcc/nios2-elf/5.3.0/../../../../../H-x86_64-mingw32/nios2-elf/lib\libc.a(lib_a-stdio.o)
                0x0000000000805f04                __sseek
 .text.__sclose
                0x0000000000805f60        0x8 c:/software/altera/18.1/nios2eds/bin/gnu/h-x86_64-mingw32/bin/../lib/gcc/nios2-elf/5.3.0/../../../../../H-x86_64-mingw32/nios2-elf/lib\libc.a(lib_a-stdio.o)
                0x0000000000805f60                __sclose
 .text          0x0000000000805f68        0x0 c:/software/altera/18.1/nios2eds/bin/gnu/h-x86_64-mingw32/bin/../lib/gcc/nios2-elf/5.3.0/../../../../../H-x86_64-mingw32/nios2-elf/lib\libc.a(lib_a-writer.o)
 .text._write_r
                0x0000000000805f68       0x60 c:/software/altera/18.1/nios2eds/bin/gnu/h-x86_64-mingw32/bin/../lib/gcc/nios2-elf/5.3.0/../../../../../H-x86_64-mingw32/nios2-elf/lib\libc.a(lib_a-writer.o)
                0x0000000000805f68                _write_r
 .text          0x0000000000805fc8        0x0 c:/software/altera/18.1/nios2eds/bin/gnu/h-x86_64-mingw32/bin/../lib/gcc/nios2-elf/5.3.0/../../../../../H-x86_64-mingw32/nios2-elf/lib\libc.a(closer.o)
 .text._close_r
                0x0000000000805fc8       0x54 c:/software/altera/18.1/nios2eds/bin/gnu/h-x86_64-mingw32/bin/../lib/gcc/nios2-elf/5.3.0/../../../../../H-x86_64-mingw32/nios2-elf/lib\libc.a(closer.o)
                0x0000000000805fc8                _close_r
 .text          0x000000000080601c        0x0 c:/software/altera/18.1/nios2eds/bin/gnu/h-x86_64-mingw32/bin/../lib/gcc/nios2-elf/5.3.0/../../../../../H-x86_64-mingw32/nios2-elf/lib\libc.a(lib_a-fclose.o)
 .text._fclose_r
                0x000000000080601c       0xf0 c:/software/altera/18.1/nios2eds/bin/gnu/h-x86_64-mingw32/bin/../lib/gcc/nios2-elf/5.3.0/../../../../../H-x86_64-mingw32/nios2-elf/lib\libc.a(lib_a-fclose.o)
                0x000000000080601c                _fclose_r
 .text.fclose   0x000000000080610c       0x14 c:/software/altera/18.1/nios2eds/bin/gnu/h-x86_64-mingw32/bin/../lib/gcc/nios2-elf/5.3.0/../../../../../H-x86_64-mingw32/nios2-elf/lib\libc.a(lib_a-fclose.o)
                0x000000000080610c                fclose
 .text          0x0000000000806120        0x0 c:/software/altera/18.1/nios2eds/bin/gnu/h-x86_64-mingw32/bin/../lib/gcc/nios2-elf/5.3.0/../../../../../H-x86_64-mingw32/nios2-elf/lib\libc.a(lib_a-fstatr.o)
 .text._fstat_r
                0x0000000000806120       0x5c c:/software/altera/18.1/nios2eds/bin/gnu/h-x86_64-mingw32/bin/../lib/gcc/nios2-elf/5.3.0/../../../../../H-x86_64-mingw32/nios2-elf/lib\libc.a(lib_a-fstatr.o)
                0x0000000000806120                _fstat_r
 .text          0x000000000080617c        0x0 c:/software/altera/18.1/nios2eds/bin/gnu/h-x86_64-mingw32/bin/../lib/gcc/nios2-elf/5.3.0/../../../../../H-x86_64-mingw32/nios2-elf/lib\libc.a(lib_a-isattyr.o)
 .text._isatty_r
                0x000000000080617c       0x54 c:/software/altera/18.1/nios2eds/bin/gnu/h-x86_64-mingw32/bin/../lib/gcc/nios2-elf/5.3.0/../../../../../H-x86_64-mingw32/nios2-elf/lib\libc.a(lib_a-isattyr.o)
                0x000000000080617c                _isatty_r
 .text          0x00000000008061d0        0x0 c:/software/altera/18.1/nios2eds/bin/gnu/h-x86_64-mingw32/bin/../lib/gcc/nios2-elf/5.3.0/../../../../../H-x86_64-mingw32/nios2-elf/lib\libc.a(lib_a-lseekr.o)
 .text._lseek_r
                0x00000000008061d0       0x60 c:/software/altera/18.1/nios2eds/bin/gnu/h-x86_64-mingw32/bin/../lib/gcc/nios2-elf/5.3.0/../../../../../H-x86_64-mingw32/nios2-elf/lib\libc.a(lib_a-lseekr.o)
                0x00000000008061d0                _lseek_r
 .text          0x0000000000806230        0x0 c:/software/altera/18.1/nios2eds/bin/gnu/h-x86_64-mingw32/bin/../lib/gcc/nios2-elf/5.3.0/../../../../../H-x86_64-mingw32/nios2-elf/lib\libc.a(lib_a-readr.o)
 .text._read_r  0x0000000000806230       0x60 c:/software/altera/18.1/nios2eds/bin/gnu/h-x86_64-mingw32/bin/../lib/gcc/nios2-elf/5.3.0/../../../../../H-x86_64-mingw32/nios2-elf/lib\libc.a(lib_a-readr.o)
                0x0000000000806230                _read_r
 .text          0x0000000000806290      0x1b4 c:/software/altera/18.1/nios2eds/bin/gnu/h-x86_64-mingw32/bin/../lib/gcc/nios2-elf/5.3.0\libgcc.a(lib2-divmod.o)
                0x0000000000806290                __divsi3
                0x0000000000806314                __modsi3
                0x0000000000806388                __udivsi3
                0x00000000008063ec                __umodsi3
 .text          0x0000000000806444       0x34 ../Lab2_Audio_Loop_bsp/\libhal_bsp.a(alt_exit.o)
                0x0000000000806444                _exit
 .text          0x0000000000806478       0xec ../Lab2_Audio_Loop_bsp/\libhal_bsp.a(alt_fstat.o)
                0x00000000008064b4                fstat
 .text          0x0000000000806564       0xe0 ../Lab2_Audio_Loop_bsp/\libhal_bsp.a(alt_isatty.o)
                0x00000000008065a0                isatty
 .text          0x0000000000806644      0x110 ../Lab2_Audio_Loop_bsp/\libhal_bsp.a(alt_lseek.o)
                0x0000000000806680                lseek
 .text          0x0000000000806754       0x48 ../Lab2_Audio_Loop_bsp/\libhal_bsp.a(alt_malloc_lock.o)
                0x0000000000806754                __malloc_lock
                0x0000000000806778                __malloc_unlock
 .text          0x000000000080679c      0x138 ../Lab2_Audio_Loop_bsp/\libhal_bsp.a(alt_read.o)
                0x00000000008067d8                read
 .text          0x00000000008068d4       0xb0 ../Lab2_Audio_Loop_bsp/\libhal_bsp.a(alt_sbrk.o)
                0x00000000008068d4                sbrk
 .text          0x0000000000806984      0x134 ../Lab2_Audio_Loop_bsp/\libhal_bsp.a(alt_write.o)
                0x00000000008069c0                write
 *(.gnu.warning.*)
 *(.fini)
                [!provide]                        PROVIDE (__etext, ABSOLUTE (.))
                [!provide]                        PROVIDE (_etext, ABSOLUTE (.))
                [!provide]                        PROVIDE (etext, ABSOLUTE (.))
 *(.eh_frame_hdr)
                0x0000000000806ab8                . = ALIGN (0x4)
                [!provide]                        PROVIDE (__preinit_array_start, ABSOLUTE (.))
 *(.preinit_array)
                [!provide]                        PROVIDE (__preinit_array_end, ABSOLUTE (.))
                [!provide]                        PROVIDE (__init_array_start, ABSOLUTE (.))
 *(.init_array)
                [!provide]                        PROVIDE (__init_array_end, ABSOLUTE (.))
                [!provide]                        PROVIDE (__fini_array_start, ABSOLUTE (.))
 *(.fini_array)
                [!provide]                        PROVIDE (__fini_array_end, ABSOLUTE (.))
 *(.eh_frame)
 *(.gcc_except_table .gcc_except_table.*)
 *(.dynamic)
                0x0000000000806ab8                PROVIDE (__CTOR_LIST__, ABSOLUTE (.))
 *(.ctors)
 *(SORT(.ctors.*))
                0x0000000000806ab8                PROVIDE (__CTOR_END__, ABSOLUTE (.))
                0x0000000000806ab8                PROVIDE (__DTOR_LIST__, ABSOLUTE (.))
 *(.dtors)
 *(SORT(.dtors.*))
                0x0000000000806ab8                PROVIDE (__DTOR_END__, ABSOLUTE (.))
 *(.jcr)
                0x0000000000806ab8                . = ALIGN (0x4)

.rodata         0x0000000000806ab8      0x348
                0x0000000000806ab8                PROVIDE (__ram_rodata_start, ABSOLUTE (.))
                0x0000000000806ab8                . = ALIGN (0x4)
 *(.rodata .rodata.* .gnu.linkonce.r.*)
 .rodata        0x0000000000806ab8       0x4a obj/default/hello_world.o
 *fill*         0x0000000000806b02        0x2 
 .rodata        0x0000000000806b04       0x11 ../Lab2_Audio_Loop_bsp/\libhal_bsp.a(alt_main.o)
 *fill*         0x0000000000806b15        0x3 
 .rodata        0x0000000000806b18       0x57 ../Lab2_Audio_Loop_bsp/\libhal_bsp.a(alt_sys_init.o)
 *fill*         0x0000000000806b6f        0x1 
 .rodata        0x0000000000806b70        0xa ../Lab2_Audio_Loop_bsp/\libhal_bsp.a(alt_dev.o)
 .rodata._ctype_
                0x0000000000806b7a      0x101 c:/software/altera/18.1/nios2eds/bin/gnu/h-x86_64-mingw32/bin/../lib/gcc/nios2-elf/5.3.0/../../../../../H-x86_64-mingw32/nios2-elf/lib\libc.a(lib_a-ctype_.o)
                0x0000000000806b7a                _ctype_
 .rodata._ctype_b
                0x0000000000806c7b      0x180 c:/software/altera/18.1/nios2eds/bin/gnu/h-x86_64-mingw32/bin/../lib/gcc/nios2-elf/5.3.0/../../../../../H-x86_64-mingw32/nios2-elf/lib\libc.a(lib_a-ctype_.o)
 *fill*         0x0000000000806dfb        0x1 
 .rodata.str1.4
                0x0000000000806dfc        0x4 c:/software/altera/18.1/nios2eds/bin/gnu/h-x86_64-mingw32/bin/../lib/gcc/nios2-elf/5.3.0/../../../../../H-x86_64-mingw32/nios2-elf/lib\libc.a(lib_a-impure.o)
                                          0x2 (size before relaxing)
 *(.rodata1)
                0x0000000000806e00                . = ALIGN (0x4)
                0x0000000000806e00                PROVIDE (__ram_rodata_end, ABSOLUTE (.))
                0x0000000000806ab8                PROVIDE (__flash_rodata_start, LOADADDR (.rodata))

.rwdata         0x0000000000806e00     0x1c20 load address 0x0000000000808a20
                0x0000000000806e00                PROVIDE (__ram_rwdata_start, ABSOLUTE (.))
                0x0000000000806e00                . = ALIGN (0x4)
 *(.got.plt)
 *(.got)
 *(.data1)
 *(.data .data.* .gnu.linkonce.d.*)
 .data          0x0000000000806e00        0x0 ../Lab2_Audio_Loop_bsp//obj/HAL/src/crt0.o
 .data          0x0000000000806e00        0x0 obj/default/hello_world.o
 .data          0x0000000000806e00        0x0 ../Lab2_Audio_Loop_bsp/\libhal_bsp.a(alt_load.o)
 .data          0x0000000000806e00        0x0 ../Lab2_Audio_Loop_bsp/\libhal_bsp.a(alt_main.o)
 .data          0x0000000000806e00        0x0 ../Lab2_Audio_Loop_bsp/\libhal_bsp.a(alt_printf.o)
 .data          0x0000000000806e00        0x0 ../Lab2_Audio_Loop_bsp/\libhal_bsp.a(alt_putchar.o)
 .data          0x0000000000806e00     0x120c ../Lab2_Audio_Loop_bsp/\libhal_bsp.a(alt_sys_init.o)
 .data          0x000000000080800c        0x0 ../Lab2_Audio_Loop_bsp/\libhal_bsp.a(altera_avalon_jtag_uart_fd.o)
 .data          0x000000000080800c        0x0 ../Lab2_Audio_Loop_bsp/\libhal_bsp.a(altera_avalon_jtag_uart_init.o)
 .data          0x000000000080800c        0x0 ../Lab2_Audio_Loop_bsp/\libhal_bsp.a(altera_avalon_jtag_uart_ioctl.o)
 .data          0x000000000080800c        0x0 ../Lab2_Audio_Loop_bsp/\libhal_bsp.a(altera_avalon_jtag_uart_read.o)
 .data          0x000000000080800c        0x0 ../Lab2_Audio_Loop_bsp/\libhal_bsp.a(altera_avalon_jtag_uart_write.o)
 .data          0x000000000080800c        0x0 ../Lab2_Audio_Loop_bsp/\libhal_bsp.a(altera_avalon_lcd_16207.o)
 .data          0x000000000080800c        0x0 ../Lab2_Audio_Loop_bsp/\libhal_bsp.a(altera_avalon_lcd_16207_fd.o)
 .data          0x000000000080800c        0x0 ../Lab2_Audio_Loop_bsp/\libhal_bsp.a(altera_avalon_timer_sc.o)
 .data          0x000000000080800c        0x0 ../Lab2_Audio_Loop_bsp/\libhal_bsp.a(altera_avalon_uart_fd.o)
 .data          0x000000000080800c        0x0 ../Lab2_Audio_Loop_bsp/\libhal_bsp.a(altera_avalon_uart_read.o)
 .data          0x000000000080800c        0x0 ../Lab2_Audio_Loop_bsp/\libhal_bsp.a(altera_avalon_uart_write.o)
 .data          0x000000000080800c        0x0 ../Lab2_Audio_Loop_bsp/\libhal_bsp.a(altera_up_avalon_audio.o)
 .data          0x000000000080800c        0x0 ../Lab2_Audio_Loop_bsp/\libhal_bsp.a(alt_alarm_start.o)
 .data          0x000000000080800c        0x0 ../Lab2_Audio_Loop_bsp/\libhal_bsp.a(alt_close.o)
 .data          0x000000000080800c        0x0 ../Lab2_Audio_Loop_bsp/\libhal_bsp.a(alt_dcache_flush_all.o)
 .data          0x000000000080800c      0x1a8 ../Lab2_Audio_Loop_bsp/\libhal_bsp.a(alt_dev.o)
                0x000000000080800c                alt_dev_null
                0x0000000000808034                alt_fd_list
 .data          0x00000000008081b4        0x0 ../Lab2_Audio_Loop_bsp/\libhal_bsp.a(alt_dev_llist_insert.o)
 .data          0x00000000008081b4        0x0 ../Lab2_Audio_Loop_bsp/\libhal_bsp.a(alt_do_ctors.o)
 .data          0x00000000008081b4        0x0 ../Lab2_Audio_Loop_bsp/\libhal_bsp.a(alt_do_dtors.o)
 .data          0x00000000008081b4        0x0 ../Lab2_Audio_Loop_bsp/\libhal_bsp.a(alt_errno.o)
 .data          0x00000000008081b4        0x0 ../Lab2_Audio_Loop_bsp/\libhal_bsp.a(alt_find_dev.o)
 .data          0x00000000008081b4        0x0 ../Lab2_Audio_Loop_bsp/\libhal_bsp.a(alt_icache_flush_all.o)
 .data          0x00000000008081b4        0x0 ../Lab2_Audio_Loop_bsp/\libhal_bsp.a(alt_io_redirect.o)
 .data          0x00000000008081b4        0x0 ../Lab2_Audio_Loop_bsp/\libhal_bsp.a(alt_irq_register.o)
 .data          0x00000000008081b4        0x0 ../Lab2_Audio_Loop_bsp/\libhal_bsp.a(alt_irq_vars.o)
 .data          0x00000000008081b4        0x0 ../Lab2_Audio_Loop_bsp/\libhal_bsp.a(alt_open.o)
 .data          0x00000000008081b4        0x0 ../Lab2_Audio_Loop_bsp/\libhal_bsp.a(alt_release_fd.o)
 .data          0x00000000008081b4        0x0 ../Lab2_Audio_Loop_bsp/\libhal_bsp.a(alt_tick.o)
 .data          0x00000000008081b4        0x0 ../Lab2_Audio_Loop_bsp/\libhal_bsp.a(alt_usleep.o)
 .data          0x00000000008081b4        0x0 ../Lab2_Audio_Loop_bsp/\libhal_bsp.a(altera_nios2_gen2_irq.o)
 .data          0x00000000008081b4        0x0 ../Lab2_Audio_Loop_bsp/\libhal_bsp.a(alt_busy_sleep.o)
 .data          0x00000000008081b4        0x0 ../Lab2_Audio_Loop_bsp/\libhal_bsp.a(alt_find_file.o)
 .data          0x00000000008081b4        0x0 ../Lab2_Audio_Loop_bsp/\libhal_bsp.a(alt_get_fd.o)
 .data          0x00000000008081b4        0x0 ../Lab2_Audio_Loop_bsp/\libhal_bsp.a(alt_icache_flush.o)
 .data          0x00000000008081b4        0x0 ../Lab2_Audio_Loop_bsp/\libhal_bsp.a(alt_irq_entry.o)
 .data          0x00000000008081b4        0x0 ../Lab2_Audio_Loop_bsp/\libhal_bsp.a(alt_irq_handler.o)
 .data          0x00000000008081b4        0x0 ../Lab2_Audio_Loop_bsp/\libhal_bsp.a(alt_exception_entry.o)
 .data          0x00000000008081b4        0x0 ../Lab2_Audio_Loop_bsp/\libhal_bsp.a(alt_instruction_exception_entry.o)
 .data          0x00000000008081b4        0x0 c:/software/altera/18.1/nios2eds/bin/gnu/h-x86_64-mingw32/bin/../lib/gcc/nios2-elf/5.3.0/../../../../../H-x86_64-mingw32/nios2-elf/lib\libc.a(lib_a-atexit.o)
 .data          0x00000000008081b4        0x0 c:/software/altera/18.1/nios2eds/bin/gnu/h-x86_64-mingw32/bin/../lib/gcc/nios2-elf/5.3.0/../../../../../H-x86_64-mingw32/nios2-elf/lib\libc.a(lib_a-ctype_.o)
 .data          0x00000000008081b4        0x0 c:/software/altera/18.1/nios2eds/bin/gnu/h-x86_64-mingw32/bin/../lib/gcc/nios2-elf/5.3.0/../../../../../H-x86_64-mingw32/nios2-elf/lib\libc.a(lib_a-exit.o)
 .data          0x00000000008081b4        0x0 c:/software/altera/18.1/nios2eds/bin/gnu/h-x86_64-mingw32/bin/../lib/gcc/nios2-elf/5.3.0/../../../../../H-x86_64-mingw32/nios2-elf/lib\libc.a(lib_a-impure.o)
 .data.impure_data
                0x00000000008081b4      0x424 c:/software/altera/18.1/nios2eds/bin/gnu/h-x86_64-mingw32/bin/../lib/gcc/nios2-elf/5.3.0/../../../../../H-x86_64-mingw32/nios2-elf/lib\libc.a(lib_a-impure.o)
 .data          0x00000000008085d8        0x0 c:/software/altera/18.1/nios2eds/bin/gnu/h-x86_64-mingw32/bin/../lib/gcc/nios2-elf/5.3.0/../../../../../H-x86_64-mingw32/nios2-elf/lib\libc.a(lib_a-int_errno.o)
 .data          0x00000000008085d8        0x0 c:/software/altera/18.1/nios2eds/bin/gnu/h-x86_64-mingw32/bin/../lib/gcc/nios2-elf/5.3.0/../../../../../H-x86_64-mingw32/nios2-elf/lib\libc.a(lib_a-memcmp.o)
 .data          0x00000000008085d8        0x0 c:/software/altera/18.1/nios2eds/bin/gnu/h-x86_64-mingw32/bin/../lib/gcc/nios2-elf/5.3.0/../../../../../H-x86_64-mingw32/nios2-elf/lib\libc.a(lib_a-memcpy.o)
 .data          0x00000000008085d8        0x0 c:/software/altera/18.1/nios2eds/bin/gnu/h-x86_64-mingw32/bin/../lib/gcc/nios2-elf/5.3.0/../../../../../H-x86_64-mingw32/nios2-elf/lib\libc.a(lib_a-memset.o)
 .data          0x00000000008085d8        0x0 c:/software/altera/18.1/nios2eds/bin/gnu/h-x86_64-mingw32/bin/../lib/gcc/nios2-elf/5.3.0/../../../../../H-x86_64-mingw32/nios2-elf/lib\libc.a(lib_a-putc.o)
 .data          0x00000000008085d8        0x0 c:/software/altera/18.1/nios2eds/bin/gnu/h-x86_64-mingw32/bin/../lib/gcc/nios2-elf/5.3.0/../../../../../H-x86_64-mingw32/nios2-elf/lib\libc.a(lib_a-strlen.o)
 .data          0x00000000008085d8        0x0 c:/software/altera/18.1/nios2eds/bin/gnu/h-x86_64-mingw32/bin/../lib/gcc/nios2-elf/5.3.0/../../../../../H-x86_64-mingw32/nios2-elf/lib\libc.a(lib_a-wbuf.o)
 .data          0x00000000008085d8        0x0 c:/software/altera/18.1/nios2eds/bin/gnu/h-x86_64-mingw32/bin/../lib/gcc/nios2-elf/5.3.0/../../../../../H-x86_64-mingw32/nios2-elf/lib\libc.a(lib_a-wsetup.o)
 .data          0x00000000008085d8        0x0 c:/software/altera/18.1/nios2eds/bin/gnu/h-x86_64-mingw32/bin/../lib/gcc/nios2-elf/5.3.0/../../../../../H-x86_64-mingw32/nios2-elf/lib\libc.a(lib_a-__atexit.o)
 .data          0x00000000008085d8        0x0 c:/software/altera/18.1/nios2eds/bin/gnu/h-x86_64-mingw32/bin/../lib/gcc/nios2-elf/5.3.0/../../../../../H-x86_64-mingw32/nios2-elf/lib\libc.a(lib_a-__call_atexit.o)
 .data          0x00000000008085d8        0x0 c:/software/altera/18.1/nios2eds/bin/gnu/h-x86_64-mingw32/bin/../lib/gcc/nios2-elf/5.3.0/../../../../../H-x86_64-mingw32/nios2-elf/lib\libc.a(lib_a-fflush.o)
 .data          0x00000000008085d8        0x0 c:/software/altera/18.1/nios2eds/bin/gnu/h-x86_64-mingw32/bin/../lib/gcc/nios2-elf/5.3.0/../../../../../H-x86_64-mingw32/nios2-elf/lib\libc.a(lib_a-findfp.o)
 .data          0x00000000008085d8        0x0 c:/software/altera/18.1/nios2eds/bin/gnu/h-x86_64-mingw32/bin/../lib/gcc/nios2-elf/5.3.0/../../../../../H-x86_64-mingw32/nios2-elf/lib\libc.a(lib_a-freer.o)
 .data          0x00000000008085d8        0x0 c:/software/altera/18.1/nios2eds/bin/gnu/h-x86_64-mingw32/bin/../lib/gcc/nios2-elf/5.3.0/../../../../../H-x86_64-mingw32/nios2-elf/lib\libc.a(lib_a-fwalk.o)
 .data          0x00000000008085d8        0x0 c:/software/altera/18.1/nios2eds/bin/gnu/h-x86_64-mingw32/bin/../lib/gcc/nios2-elf/5.3.0/../../../../../H-x86_64-mingw32/nios2-elf/lib\libc.a(lib_a-makebuf.o)
 .data          0x00000000008085d8        0x0 c:/software/altera/18.1/nios2eds/bin/gnu/h-x86_64-mingw32/bin/../lib/gcc/nios2-elf/5.3.0/../../../../../H-x86_64-mingw32/nios2-elf/lib\libc.a(lib_a-mallocr.o)
 .data.__malloc_av_
                0x00000000008085d8      0x408 c:/software/altera/18.1/nios2eds/bin/gnu/h-x86_64-mingw32/bin/../lib/gcc/nios2-elf/5.3.0/../../../../../H-x86_64-mingw32/nios2-elf/lib\libc.a(lib_a-mallocr.o)
                0x00000000008085d8                __malloc_av_
 .data          0x00000000008089e0        0x0 c:/software/altera/18.1/nios2eds/bin/gnu/h-x86_64-mingw32/bin/../lib/gcc/nios2-elf/5.3.0/../../../../../H-x86_64-mingw32/nios2-elf/lib\libc.a(lib_a-sbrkr.o)
 .data          0x00000000008089e0        0x0 c:/software/altera/18.1/nios2eds/bin/gnu/h-x86_64-mingw32/bin/../lib/gcc/nios2-elf/5.3.0/../../../../../H-x86_64-mingw32/nios2-elf/lib\libc.a(lib_a-stdio.o)
 .data          0x00000000008089e0        0x0 c:/software/altera/18.1/nios2eds/bin/gnu/h-x86_64-mingw32/bin/../lib/gcc/nios2-elf/5.3.0/../../../../../H-x86_64-mingw32/nios2-elf/lib\libc.a(lib_a-writer.o)
 .data          0x00000000008089e0        0x0 c:/software/altera/18.1/nios2eds/bin/gnu/h-x86_64-mingw32/bin/../lib/gcc/nios2-elf/5.3.0/../../../../../H-x86_64-mingw32/nios2-elf/lib\libc.a(closer.o)
 .data          0x00000000008089e0        0x0 c:/software/altera/18.1/nios2eds/bin/gnu/h-x86_64-mingw32/bin/../lib/gcc/nios2-elf/5.3.0/../../../../../H-x86_64-mingw32/nios2-elf/lib\libc.a(lib_a-fclose.o)
 .data          0x00000000008089e0        0x0 c:/software/altera/18.1/nios2eds/bin/gnu/h-x86_64-mingw32/bin/../lib/gcc/nios2-elf/5.3.0/../../../../../H-x86_64-mingw32/nios2-elf/lib\libc.a(lib_a-fstatr.o)
 .data          0x00000000008089e0        0x0 c:/software/altera/18.1/nios2eds/bin/gnu/h-x86_64-mingw32/bin/../lib/gcc/nios2-elf/5.3.0/../../../../../H-x86_64-mingw32/nios2-elf/lib\libc.a(lib_a-isattyr.o)
 .data          0x00000000008089e0        0x0 c:/software/altera/18.1/nios2eds/bin/gnu/h-x86_64-mingw32/bin/../lib/gcc/nios2-elf/5.3.0/../../../../../H-x86_64-mingw32/nios2-elf/lib\libc.a(lib_a-lseekr.o)
 .data          0x00000000008089e0        0x0 c:/software/altera/18.1/nios2eds/bin/gnu/h-x86_64-mingw32/bin/../lib/gcc/nios2-elf/5.3.0/../../../../../H-x86_64-mingw32/nios2-elf/lib\libc.a(lib_a-readr.o)
 .data          0x00000000008089e0        0x0 c:/software/altera/18.1/nios2eds/bin/gnu/h-x86_64-mingw32/bin/../lib/gcc/nios2-elf/5.3.0\libgcc.a(lib2-divmod.o)
 .data          0x00000000008089e0        0x0 ../Lab2_Audio_Loop_bsp/\libhal_bsp.a(alt_exit.o)
 .data          0x00000000008089e0        0x0 ../Lab2_Audio_Loop_bsp/\libhal_bsp.a(alt_fstat.o)
 .data          0x00000000008089e0        0x0 ../Lab2_Audio_Loop_bsp/\libhal_bsp.a(alt_isatty.o)
 .data          0x00000000008089e0        0x0 ../Lab2_Audio_Loop_bsp/\libhal_bsp.a(alt_lseek.o)
 .data          0x00000000008089e0        0x0 ../Lab2_Audio_Loop_bsp/\libhal_bsp.a(alt_malloc_lock.o)
 .data          0x00000000008089e0        0x0 ../Lab2_Audio_Loop_bsp/\libhal_bsp.a(alt_read.o)
 .data          0x00000000008089e0        0x0 ../Lab2_Audio_Loop_bsp/\libhal_bsp.a(alt_sbrk.o)
 .data          0x00000000008089e0        0x0 ../Lab2_Audio_Loop_bsp/\libhal_bsp.a(alt_write.o)
                0x00000000008109e0                _gp = ABSOLUTE ((. + 0x8000))
                [!provide]                        PROVIDE (gp, _gp)
 *(.rwdata .rwdata.*)
 *(.sdata .sdata.* .gnu.linkonce.s.*)
 .sdata         0x00000000008089e0        0x4 ../Lab2_Audio_Loop_bsp/\libhal_bsp.a(altera_avalon_lcd_16207.o)
 .sdata         0x00000000008089e4       0x14 ../Lab2_Audio_Loop_bsp/\libhal_bsp.a(alt_dev.o)
                0x00000000008089e4                alt_fs_list
                0x00000000008089ec                alt_dev_list
                0x00000000008089f4                alt_max_fd
 .sdata         0x00000000008089f8        0x4 ../Lab2_Audio_Loop_bsp/\libhal_bsp.a(alt_errno.o)
                0x00000000008089f8                alt_errno
 .sdata         0x00000000008089fc        0x4 ../Lab2_Audio_Loop_bsp/\libhal_bsp.a(alt_irq_vars.o)
                0x00000000008089fc                alt_priority_mask
 .sdata         0x0000000000808a00        0x8 ../Lab2_Audio_Loop_bsp/\libhal_bsp.a(alt_tick.o)
                0x0000000000808a00                alt_alarm_list
 .sdata.__ctype_ptr__
                0x0000000000808a08        0x4 c:/software/altera/18.1/nios2eds/bin/gnu/h-x86_64-mingw32/bin/../lib/gcc/nios2-elf/5.3.0/../../../../../H-x86_64-mingw32/nios2-elf/lib\libc.a(lib_a-ctype_.o)
                0x0000000000808a08                __ctype_ptr__
 .sdata._global_impure_ptr
                0x0000000000808a0c        0x4 c:/software/altera/18.1/nios2eds/bin/gnu/h-x86_64-mingw32/bin/../lib/gcc/nios2-elf/5.3.0/../../../../../H-x86_64-mingw32/nios2-elf/lib\libc.a(lib_a-impure.o)
                0x0000000000808a0c                _global_impure_ptr
 .sdata._impure_ptr
                0x0000000000808a10        0x4 c:/software/altera/18.1/nios2eds/bin/gnu/h-x86_64-mingw32/bin/../lib/gcc/nios2-elf/5.3.0/../../../../../H-x86_64-mingw32/nios2-elf/lib\libc.a(lib_a-impure.o)
                0x0000000000808a10                _impure_ptr
 .sdata.__malloc_sbrk_base
                0x0000000000808a14        0x4 c:/software/altera/18.1/nios2eds/bin/gnu/h-x86_64-mingw32/bin/../lib/gcc/nios2-elf/5.3.0/../../../../../H-x86_64-mingw32/nios2-elf/lib\libc.a(lib_a-mallocr.o)
                0x0000000000808a14                __malloc_sbrk_base
 .sdata.__malloc_trim_threshold
                0x0000000000808a18        0x4 c:/software/altera/18.1/nios2eds/bin/gnu/h-x86_64-mingw32/bin/../lib/gcc/nios2-elf/5.3.0/../../../../../H-x86_64-mingw32/nios2-elf/lib\libc.a(lib_a-mallocr.o)
                0x0000000000808a18                __malloc_trim_threshold
 .sdata         0x0000000000808a1c        0x4 ../Lab2_Audio_Loop_bsp/\libhal_bsp.a(alt_sbrk.o)
 *(.sdata2 .sdata2.* .gnu.linkonce.s2.*)
                0x0000000000808a20                . = ALIGN (0x4)
                0x0000000000808a20                _edata = ABSOLUTE (.)
                [!provide]                        PROVIDE (edata, ABSOLUTE (.))
                0x0000000000808a20                PROVIDE (__ram_rwdata_end, ABSOLUTE (.))
                0x0000000000808a20                PROVIDE (__flash_rwdata_start, LOADADDR (.rwdata))

.bss            0x000000000080a640      0x154
                0x000000000080a640                __bss_start = ABSOLUTE (.)
                [!provide]                        PROVIDE (__sbss_start, ABSOLUTE (.))
                [!provide]                        PROVIDE (___sbss_start, ABSOLUTE (.))
 *(.dynsbss)
 *(.sbss .sbss.* .gnu.linkonce.sb.*)
 .sbss          0x000000000080a640        0xc ../Lab2_Audio_Loop_bsp/\libhal_bsp.a(alt_main.o)
                0x000000000080a640                alt_argc
                0x000000000080a644                alt_argv
                0x000000000080a648                alt_envp
 .sbss          0x000000000080a64c        0x4 ../Lab2_Audio_Loop_bsp/\libhal_bsp.a(alt_irq_vars.o)
                0x000000000080a64c                alt_irq_active
 .sbss          0x000000000080a650        0x8 ../Lab2_Audio_Loop_bsp/\libhal_bsp.a(alt_tick.o)
                0x000000000080a650                _alt_tick_rate
                0x000000000080a654                _alt_nticks
 .sbss          0x000000000080a658        0x4 ../Lab2_Audio_Loop_bsp/\libhal_bsp.a(alt_instruction_exception_entry.o)
                0x000000000080a658                alt_instruction_exception_handler
 .sbss          0x000000000080a65c        0x4 c:/software/altera/18.1/nios2eds/bin/gnu/h-x86_64-mingw32/bin/../lib/gcc/nios2-elf/5.3.0/../../../../../H-x86_64-mingw32/nios2-elf/lib\libc.a(lib_a-int_errno.o)
                0x000000000080a65c                errno
 .sbss.__malloc_max_total_mem
                0x000000000080a660        0x4 c:/software/altera/18.1/nios2eds/bin/gnu/h-x86_64-mingw32/bin/../lib/gcc/nios2-elf/5.3.0/../../../../../H-x86_64-mingw32/nios2-elf/lib\libc.a(lib_a-mallocr.o)
                0x000000000080a660                __malloc_max_total_mem
 .sbss.__malloc_max_sbrked_mem
                0x000000000080a664        0x4 c:/software/altera/18.1/nios2eds/bin/gnu/h-x86_64-mingw32/bin/../lib/gcc/nios2-elf/5.3.0/../../../../../H-x86_64-mingw32/nios2-elf/lib\libc.a(lib_a-mallocr.o)
                0x000000000080a664                __malloc_max_sbrked_mem
 .sbss.__malloc_top_pad
                0x000000000080a668        0x4 c:/software/altera/18.1/nios2eds/bin/gnu/h-x86_64-mingw32/bin/../lib/gcc/nios2-elf/5.3.0/../../../../../H-x86_64-mingw32/nios2-elf/lib\libc.a(lib_a-mallocr.o)
                0x000000000080a668                __malloc_top_pad
 *(.sbss2 .sbss2.* .gnu.linkonce.sb2.*)
 *(.scommon)
                [!provide]                        PROVIDE (__sbss_end, ABSOLUTE (.))
                [!provide]                        PROVIDE (___sbss_end, ABSOLUTE (.))
 *(.dynbss)
 *(.bss .bss.* .gnu.linkonce.b.*)
 .bss           0x000000000080a66c        0x0 ../Lab2_Audio_Loop_bsp//obj/HAL/src/crt0.o
 .bss           0x000000000080a66c        0x0 obj/default/hello_world.o
 .bss           0x000000000080a66c        0x0 ../Lab2_Audio_Loop_bsp/\libhal_bsp.a(alt_load.o)
 .bss           0x000000000080a66c        0x0 ../Lab2_Audio_Loop_bsp/\libhal_bsp.a(alt_main.o)
 .bss           0x000000000080a66c        0x0 ../Lab2_Audio_Loop_bsp/\libhal_bsp.a(alt_printf.o)
 .bss           0x000000000080a66c        0x0 ../Lab2_Audio_Loop_bsp/\libhal_bsp.a(alt_putchar.o)
 .bss           0x000000000080a66c        0x0 ../Lab2_Audio_Loop_bsp/\libhal_bsp.a(alt_sys_init.o)
 .bss           0x000000000080a66c        0x0 ../Lab2_Audio_Loop_bsp/\libhal_bsp.a(altera_avalon_jtag_uart_fd.o)
 .bss           0x000000000080a66c        0x0 ../Lab2_Audio_Loop_bsp/\libhal_bsp.a(altera_avalon_jtag_uart_init.o)
 .bss           0x000000000080a66c        0x0 ../Lab2_Audio_Loop_bsp/\libhal_bsp.a(altera_avalon_jtag_uart_ioctl.o)
 .bss           0x000000000080a66c        0x0 ../Lab2_Audio_Loop_bsp/\libhal_bsp.a(altera_avalon_jtag_uart_read.o)
 .bss           0x000000000080a66c        0x0 ../Lab2_Audio_Loop_bsp/\libhal_bsp.a(altera_avalon_jtag_uart_write.o)
 .bss           0x000000000080a66c        0x0 ../Lab2_Audio_Loop_bsp/\libhal_bsp.a(altera_avalon_lcd_16207.o)
 .bss           0x000000000080a66c        0x0 ../Lab2_Audio_Loop_bsp/\libhal_bsp.a(altera_avalon_lcd_16207_fd.o)
 .bss           0x000000000080a66c        0x0 ../Lab2_Audio_Loop_bsp/\libhal_bsp.a(altera_avalon_timer_sc.o)
 .bss           0x000000000080a66c        0x0 ../Lab2_Audio_Loop_bsp/\libhal_bsp.a(altera_avalon_uart_fd.o)
 .bss           0x000000000080a66c        0x0 ../Lab2_Audio_Loop_bsp/\libhal_bsp.a(altera_avalon_uart_read.o)
 .bss           0x000000000080a66c        0x0 ../Lab2_Audio_Loop_bsp/\libhal_bsp.a(altera_avalon_uart_write.o)
 .bss           0x000000000080a66c        0x0 ../Lab2_Audio_Loop_bsp/\libhal_bsp.a(altera_up_avalon_audio.o)
 .bss           0x000000000080a66c        0x0 ../Lab2_Audio_Loop_bsp/\libhal_bsp.a(alt_alarm_start.o)
 .bss           0x000000000080a66c        0x0 ../Lab2_Audio_Loop_bsp/\libhal_bsp.a(alt_close.o)
 .bss           0x000000000080a66c        0x0 ../Lab2_Audio_Loop_bsp/\libhal_bsp.a(alt_dcache_flush_all.o)
 .bss           0x000000000080a66c        0x0 ../Lab2_Audio_Loop_bsp/\libhal_bsp.a(alt_dev.o)
 .bss           0x000000000080a66c        0x0 ../Lab2_Audio_Loop_bsp/\libhal_bsp.a(alt_dev_llist_insert.o)
 .bss           0x000000000080a66c        0x0 ../Lab2_Audio_Loop_bsp/\libhal_bsp.a(alt_do_ctors.o)
 .bss           0x000000000080a66c        0x0 ../Lab2_Audio_Loop_bsp/\libhal_bsp.a(alt_do_dtors.o)
 .bss           0x000000000080a66c        0x0 ../Lab2_Audio_Loop_bsp/\libhal_bsp.a(alt_errno.o)
 .bss           0x000000000080a66c        0x0 ../Lab2_Audio_Loop_bsp/\libhal_bsp.a(alt_find_dev.o)
 .bss           0x000000000080a66c        0x0 ../Lab2_Audio_Loop_bsp/\libhal_bsp.a(alt_icache_flush_all.o)
 .bss           0x000000000080a66c        0x0 ../Lab2_Audio_Loop_bsp/\libhal_bsp.a(alt_io_redirect.o)
 .bss           0x000000000080a66c        0x0 ../Lab2_Audio_Loop_bsp/\libhal_bsp.a(alt_irq_register.o)
 .bss           0x000000000080a66c        0x0 ../Lab2_Audio_Loop_bsp/\libhal_bsp.a(alt_irq_vars.o)
 .bss           0x000000000080a66c        0x0 ../Lab2_Audio_Loop_bsp/\libhal_bsp.a(alt_open.o)
 .bss           0x000000000080a66c        0x0 ../Lab2_Audio_Loop_bsp/\libhal_bsp.a(alt_release_fd.o)
 .bss           0x000000000080a66c        0x0 ../Lab2_Audio_Loop_bsp/\libhal_bsp.a(alt_tick.o)
 .bss           0x000000000080a66c        0x0 ../Lab2_Audio_Loop_bsp/\libhal_bsp.a(alt_usleep.o)
 .bss           0x000000000080a66c        0x0 ../Lab2_Audio_Loop_bsp/\libhal_bsp.a(altera_nios2_gen2_irq.o)
 .bss           0x000000000080a66c        0x0 ../Lab2_Audio_Loop_bsp/\libhal_bsp.a(alt_busy_sleep.o)
 .bss           0x000000000080a66c        0x0 ../Lab2_Audio_Loop_bsp/\libhal_bsp.a(alt_find_file.o)
 .bss           0x000000000080a66c        0x0 ../Lab2_Audio_Loop_bsp/\libhal_bsp.a(alt_get_fd.o)
 .bss           0x000000000080a66c        0x0 ../Lab2_Audio_Loop_bsp/\libhal_bsp.a(alt_icache_flush.o)
 .bss           0x000000000080a66c        0x0 ../Lab2_Audio_Loop_bsp/\libhal_bsp.a(alt_irq_entry.o)
 .bss           0x000000000080a66c        0x0 ../Lab2_Audio_Loop_bsp/\libhal_bsp.a(alt_irq_handler.o)
 .bss           0x000000000080a66c        0x0 ../Lab2_Audio_Loop_bsp/\libhal_bsp.a(alt_exception_entry.o)
 .bss           0x000000000080a66c        0x0 ../Lab2_Audio_Loop_bsp/\libhal_bsp.a(alt_instruction_exception_entry.o)
 .bss           0x000000000080a66c        0x0 c:/software/altera/18.1/nios2eds/bin/gnu/h-x86_64-mingw32/bin/../lib/gcc/nios2-elf/5.3.0/../../../../../H-x86_64-mingw32/nios2-elf/lib\libc.a(lib_a-atexit.o)
 .bss           0x000000000080a66c        0x0 c:/software/altera/18.1/nios2eds/bin/gnu/h-x86_64-mingw32/bin/../lib/gcc/nios2-elf/5.3.0/../../../../../H-x86_64-mingw32/nios2-elf/lib\libc.a(lib_a-ctype_.o)
 .bss           0x000000000080a66c        0x0 c:/software/altera/18.1/nios2eds/bin/gnu/h-x86_64-mingw32/bin/../lib/gcc/nios2-elf/5.3.0/../../../../../H-x86_64-mingw32/nios2-elf/lib\libc.a(lib_a-exit.o)
 .bss           0x000000000080a66c        0x0 c:/software/altera/18.1/nios2eds/bin/gnu/h-x86_64-mingw32/bin/../lib/gcc/nios2-elf/5.3.0/../../../../../H-x86_64-mingw32/nios2-elf/lib\libc.a(lib_a-impure.o)
 .bss           0x000000000080a66c        0x0 c:/software/altera/18.1/nios2eds/bin/gnu/h-x86_64-mingw32/bin/../lib/gcc/nios2-elf/5.3.0/../../../../../H-x86_64-mingw32/nios2-elf/lib\libc.a(lib_a-int_errno.o)
 .bss           0x000000000080a66c        0x0 c:/software/altera/18.1/nios2eds/bin/gnu/h-x86_64-mingw32/bin/../lib/gcc/nios2-elf/5.3.0/../../../../../H-x86_64-mingw32/nios2-elf/lib\libc.a(lib_a-memcmp.o)
 .bss           0x000000000080a66c        0x0 c:/software/altera/18.1/nios2eds/bin/gnu/h-x86_64-mingw32/bin/../lib/gcc/nios2-elf/5.3.0/../../../../../H-x86_64-mingw32/nios2-elf/lib\libc.a(lib_a-memcpy.o)
 .bss           0x000000000080a66c        0x0 c:/software/altera/18.1/nios2eds/bin/gnu/h-x86_64-mingw32/bin/../lib/gcc/nios2-elf/5.3.0/../../../../../H-x86_64-mingw32/nios2-elf/lib\libc.a(lib_a-memset.o)
 .bss           0x000000000080a66c        0x0 c:/software/altera/18.1/nios2eds/bin/gnu/h-x86_64-mingw32/bin/../lib/gcc/nios2-elf/5.3.0/../../../../../H-x86_64-mingw32/nios2-elf/lib\libc.a(lib_a-putc.o)
 .bss           0x000000000080a66c        0x0 c:/software/altera/18.1/nios2eds/bin/gnu/h-x86_64-mingw32/bin/../lib/gcc/nios2-elf/5.3.0/../../../../../H-x86_64-mingw32/nios2-elf/lib\libc.a(lib_a-strlen.o)
 .bss           0x000000000080a66c        0x0 c:/software/altera/18.1/nios2eds/bin/gnu/h-x86_64-mingw32/bin/../lib/gcc/nios2-elf/5.3.0/../../../../../H-x86_64-mingw32/nios2-elf/lib\libc.a(lib_a-wbuf.o)
 .bss           0x000000000080a66c        0x0 c:/software/altera/18.1/nios2eds/bin/gnu/h-x86_64-mingw32/bin/../lib/gcc/nios2-elf/5.3.0/../../../../../H-x86_64-mingw32/nios2-elf/lib\libc.a(lib_a-wsetup.o)
 .bss           0x000000000080a66c        0x0 c:/software/altera/18.1/nios2eds/bin/gnu/h-x86_64-mingw32/bin/../lib/gcc/nios2-elf/5.3.0/../../../../../H-x86_64-mingw32/nios2-elf/lib\libc.a(lib_a-__atexit.o)
 .bss           0x000000000080a66c        0x0 c:/software/altera/18.1/nios2eds/bin/gnu/h-x86_64-mingw32/bin/../lib/gcc/nios2-elf/5.3.0/../../../../../H-x86_64-mingw32/nios2-elf/lib\libc.a(lib_a-__call_atexit.o)
 .bss           0x000000000080a66c        0x0 c:/software/altera/18.1/nios2eds/bin/gnu/h-x86_64-mingw32/bin/../lib/gcc/nios2-elf/5.3.0/../../../../../H-x86_64-mingw32/nios2-elf/lib\libc.a(lib_a-fflush.o)
 .bss           0x000000000080a66c        0x0 c:/software/altera/18.1/nios2eds/bin/gnu/h-x86_64-mingw32/bin/../lib/gcc/nios2-elf/5.3.0/../../../../../H-x86_64-mingw32/nios2-elf/lib\libc.a(lib_a-findfp.o)
 .bss           0x000000000080a66c        0x0 c:/software/altera/18.1/nios2eds/bin/gnu/h-x86_64-mingw32/bin/../lib/gcc/nios2-elf/5.3.0/../../../../../H-x86_64-mingw32/nios2-elf/lib\libc.a(lib_a-freer.o)
 .bss           0x000000000080a66c        0x0 c:/software/altera/18.1/nios2eds/bin/gnu/h-x86_64-mingw32/bin/../lib/gcc/nios2-elf/5.3.0/../../../../../H-x86_64-mingw32/nios2-elf/lib\libc.a(lib_a-fwalk.o)
 .bss           0x000000000080a66c        0x0 c:/software/altera/18.1/nios2eds/bin/gnu/h-x86_64-mingw32/bin/../lib/gcc/nios2-elf/5.3.0/../../../../../H-x86_64-mingw32/nios2-elf/lib\libc.a(lib_a-makebuf.o)
 .bss           0x000000000080a66c        0x0 c:/software/altera/18.1/nios2eds/bin/gnu/h-x86_64-mingw32/bin/../lib/gcc/nios2-elf/5.3.0/../../../../../H-x86_64-mingw32/nios2-elf/lib\libc.a(lib_a-mallocr.o)
 .bss.__malloc_current_mallinfo
                0x000000000080a66c       0x28 c:/software/altera/18.1/nios2eds/bin/gnu/h-x86_64-mingw32/bin/../lib/gcc/nios2-elf/5.3.0/../../../../../H-x86_64-mingw32/nios2-elf/lib\libc.a(lib_a-mallocr.o)
                0x000000000080a66c                __malloc_current_mallinfo
 .bss           0x000000000080a694        0x0 c:/software/altera/18.1/nios2eds/bin/gnu/h-x86_64-mingw32/bin/../lib/gcc/nios2-elf/5.3.0/../../../../../H-x86_64-mingw32/nios2-elf/lib\libc.a(lib_a-sbrkr.o)
 .bss           0x000000000080a694        0x0 c:/software/altera/18.1/nios2eds/bin/gnu/h-x86_64-mingw32/bin/../lib/gcc/nios2-elf/5.3.0/../../../../../H-x86_64-mingw32/nios2-elf/lib\libc.a(lib_a-stdio.o)
 .bss           0x000000000080a694        0x0 c:/software/altera/18.1/nios2eds/bin/gnu/h-x86_64-mingw32/bin/../lib/gcc/nios2-elf/5.3.0/../../../../../H-x86_64-mingw32/nios2-elf/lib\libc.a(lib_a-writer.o)
 .bss           0x000000000080a694        0x0 c:/software/altera/18.1/nios2eds/bin/gnu/h-x86_64-mingw32/bin/../lib/gcc/nios2-elf/5.3.0/../../../../../H-x86_64-mingw32/nios2-elf/lib\libc.a(closer.o)
 .bss           0x000000000080a694        0x0 c:/software/altera/18.1/nios2eds/bin/gnu/h-x86_64-mingw32/bin/../lib/gcc/nios2-elf/5.3.0/../../../../../H-x86_64-mingw32/nios2-elf/lib\libc.a(lib_a-fclose.o)
 .bss           0x000000000080a694        0x0 c:/software/altera/18.1/nios2eds/bin/gnu/h-x86_64-mingw32/bin/../lib/gcc/nios2-elf/5.3.0/../../../../../H-x86_64-mingw32/nios2-elf/lib\libc.a(lib_a-fstatr.o)
 .bss           0x000000000080a694        0x0 c:/software/altera/18.1/nios2eds/bin/gnu/h-x86_64-mingw32/bin/../lib/gcc/nios2-elf/5.3.0/../../../../../H-x86_64-mingw32/nios2-elf/lib\libc.a(lib_a-isattyr.o)
 .bss           0x000000000080a694        0x0 c:/software/altera/18.1/nios2eds/bin/gnu/h-x86_64-mingw32/bin/../lib/gcc/nios2-elf/5.3.0/../../../../../H-x86_64-mingw32/nios2-elf/lib\libc.a(lib_a-lseekr.o)
 .bss           0x000000000080a694        0x0 c:/software/altera/18.1/nios2eds/bin/gnu/h-x86_64-mingw32/bin/../lib/gcc/nios2-elf/5.3.0/../../../../../H-x86_64-mingw32/nios2-elf/lib\libc.a(lib_a-readr.o)
 .bss           0x000000000080a694        0x0 c:/software/altera/18.1/nios2eds/bin/gnu/h-x86_64-mingw32/bin/../lib/gcc/nios2-elf/5.3.0\libgcc.a(lib2-divmod.o)
 .bss           0x000000000080a694        0x0 ../Lab2_Audio_Loop_bsp/\libhal_bsp.a(alt_exit.o)
 .bss           0x000000000080a694        0x0 ../Lab2_Audio_Loop_bsp/\libhal_bsp.a(alt_fstat.o)
 .bss           0x000000000080a694        0x0 ../Lab2_Audio_Loop_bsp/\libhal_bsp.a(alt_isatty.o)
 .bss           0x000000000080a694        0x0 ../Lab2_Audio_Loop_bsp/\libhal_bsp.a(alt_lseek.o)
 .bss           0x000000000080a694        0x0 ../Lab2_Audio_Loop_bsp/\libhal_bsp.a(alt_malloc_lock.o)
 .bss           0x000000000080a694        0x0 ../Lab2_Audio_Loop_bsp/\libhal_bsp.a(alt_read.o)
 .bss           0x000000000080a694        0x0 ../Lab2_Audio_Loop_bsp/\libhal_bsp.a(alt_sbrk.o)
 .bss           0x000000000080a694        0x0 ../Lab2_Audio_Loop_bsp/\libhal_bsp.a(alt_write.o)
 *(COMMON)
 COMMON         0x000000000080a694      0x100 ../Lab2_Audio_Loop_bsp/\libhal_bsp.a(alt_irq_handler.o)
                0x000000000080a694                alt_irq
                0x000000000080a794                . = ALIGN (0x4)
                0x000000000080a794                __bss_end = ABSOLUTE (.)

.sdram_0        0x000000000080a794        0x0
                [!provide]                        PROVIDE (_alt_partition_sdram_0_start, ABSOLUTE (.))
 *(.sdram_0 .sdram_0. sdram_0.*)
                0x000000000080a794                . = ALIGN (0x4)
                [!provide]                        PROVIDE (_alt_partition_sdram_0_end, ABSOLUTE (.))
                0x000000000080a794                _end = ABSOLUTE (.)
                0x000000000080a794                end = ABSOLUTE (.)
                0x000000000080a794                __alt_stack_base = ABSOLUTE (.)
                [!provide]                        PROVIDE (_alt_partition_sdram_0_load_addr, LOADADDR (.sdram_0))

.stab
 *(.stab)

.stabstr
 *(.stabstr)

.stab.excl
 *(.stab.excl)

.stab.exclstr
 *(.stab.exclstr)

.stab.index
 *(.stab.index)

.stab.indexstr
 *(.stab.indexstr)

.comment        0x0000000000000000       0x23
 *(.comment)
 .comment       0x0000000000000000       0x23 obj/default/hello_world.o
                                         0x24 (size before relaxing)
 .comment       0x0000000000000023       0x24 ../Lab2_Audio_Loop_bsp/\libhal_bsp.a(alt_load.o)
 .comment       0x0000000000000023       0x24 ../Lab2_Audio_Loop_bsp/\libhal_bsp.a(alt_main.o)
 .comment       0x0000000000000023       0x24 ../Lab2_Audio_Loop_bsp/\libhal_bsp.a(alt_printf.o)
 .comment       0x0000000000000023       0x24 ../Lab2_Audio_Loop_bsp/\libhal_bsp.a(alt_putchar.o)
 .comment       0x0000000000000023       0x24 ../Lab2_Audio_Loop_bsp/\libhal_bsp.a(alt_sys_init.o)
 .comment       0x0000000000000023       0x24 ../Lab2_Audio_Loop_bsp/\libhal_bsp.a(altera_avalon_jtag_uart_fd.o)
 .comment       0x0000000000000023       0x24 ../Lab2_Audio_Loop_bsp/\libhal_bsp.a(altera_avalon_jtag_uart_init.o)
 .comment       0x0000000000000023       0x24 ../Lab2_Audio_Loop_bsp/\libhal_bsp.a(altera_avalon_jtag_uart_ioctl.o)
 .comment       0x0000000000000023       0x24 ../Lab2_Audio_Loop_bsp/\libhal_bsp.a(altera_avalon_jtag_uart_read.o)
 .comment       0x0000000000000023       0x24 ../Lab2_Audio_Loop_bsp/\libhal_bsp.a(altera_avalon_jtag_uart_write.o)
 .comment       0x0000000000000023       0x24 ../Lab2_Audio_Loop_bsp/\libhal_bsp.a(altera_avalon_lcd_16207.o)
 .comment       0x0000000000000023       0x24 ../Lab2_Audio_Loop_bsp/\libhal_bsp.a(altera_avalon_lcd_16207_fd.o)
 .comment       0x0000000000000023       0x24 ../Lab2_Audio_Loop_bsp/\libhal_bsp.a(altera_avalon_timer_sc.o)
 .comment       0x0000000000000023       0x24 ../Lab2_Audio_Loop_bsp/\libhal_bsp.a(altera_avalon_uart_fd.o)
 .comment       0x0000000000000023       0x24 ../Lab2_Audio_Loop_bsp/\libhal_bsp.a(altera_avalon_uart_read.o)
 .comment       0x0000000000000023       0x24 ../Lab2_Audio_Loop_bsp/\libhal_bsp.a(altera_avalon_uart_write.o)
 .comment       0x0000000000000023       0x24 ../Lab2_Audio_Loop_bsp/\libhal_bsp.a(altera_up_avalon_audio.o)
 .comment       0x0000000000000023       0x24 ../Lab2_Audio_Loop_bsp/\libhal_bsp.a(alt_alarm_start.o)
 .comment       0x0000000000000023       0x24 ../Lab2_Audio_Loop_bsp/\libhal_bsp.a(alt_close.o)
 .comment       0x0000000000000023       0x24 ../Lab2_Audio_Loop_bsp/\libhal_bsp.a(alt_dcache_flush_all.o)
 .comment       0x0000000000000023       0x24 ../Lab2_Audio_Loop_bsp/\libhal_bsp.a(alt_dev.o)
 .comment       0x0000000000000023       0x24 ../Lab2_Audio_Loop_bsp/\libhal_bsp.a(alt_dev_llist_insert.o)
 .comment       0x0000000000000023       0x24 ../Lab2_Audio_Loop_bsp/\libhal_bsp.a(alt_do_ctors.o)
 .comment       0x0000000000000023       0x24 ../Lab2_Audio_Loop_bsp/\libhal_bsp.a(alt_do_dtors.o)
 .comment       0x0000000000000023       0x24 ../Lab2_Audio_Loop_bsp/\libhal_bsp.a(alt_errno.o)
 .comment       0x0000000000000023       0x24 ../Lab2_Audio_Loop_bsp/\libhal_bsp.a(alt_find_dev.o)
 .comment       0x0000000000000023       0x24 ../Lab2_Audio_Loop_bsp/\libhal_bsp.a(alt_icache_flush_all.o)
 .comment       0x0000000000000023       0x24 ../Lab2_Audio_Loop_bsp/\libhal_bsp.a(alt_io_redirect.o)
 .comment       0x0000000000000023       0x24 ../Lab2_Audio_Loop_bsp/\libhal_bsp.a(alt_irq_register.o)
 .comment       0x0000000000000023       0x24 ../Lab2_Audio_Loop_bsp/\libhal_bsp.a(alt_irq_vars.o)
 .comment       0x0000000000000023       0x24 ../Lab2_Audio_Loop_bsp/\libhal_bsp.a(alt_open.o)
 .comment       0x0000000000000023       0x24 ../Lab2_Audio_Loop_bsp/\libhal_bsp.a(alt_release_fd.o)
 .comment       0x0000000000000023       0x24 ../Lab2_Audio_Loop_bsp/\libhal_bsp.a(alt_tick.o)
 .comment       0x0000000000000023       0x24 ../Lab2_Audio_Loop_bsp/\libhal_bsp.a(alt_usleep.o)
 .comment       0x0000000000000023       0x24 ../Lab2_Audio_Loop_bsp/\libhal_bsp.a(altera_nios2_gen2_irq.o)
 .comment       0x0000000000000023       0x24 ../Lab2_Audio_Loop_bsp/\libhal_bsp.a(alt_busy_sleep.o)
 .comment       0x0000000000000023       0x24 ../Lab2_Audio_Loop_bsp/\libhal_bsp.a(alt_find_file.o)
 .comment       0x0000000000000023       0x24 ../Lab2_Audio_Loop_bsp/\libhal_bsp.a(alt_get_fd.o)
 .comment       0x0000000000000023       0x24 ../Lab2_Audio_Loop_bsp/\libhal_bsp.a(alt_icache_flush.o)
 .comment       0x0000000000000023       0x24 ../Lab2_Audio_Loop_bsp/\libhal_bsp.a(alt_irq_handler.o)
 .comment       0x0000000000000023       0x24 ../Lab2_Audio_Loop_bsp/\libhal_bsp.a(alt_instruction_exception_entry.o)
 .comment       0x0000000000000023       0x24 c:/software/altera/18.1/nios2eds/bin/gnu/h-x86_64-mingw32/bin/../lib/gcc/nios2-elf/5.3.0/../../../../../H-x86_64-mingw32/nios2-elf/lib\libc.a(lib_a-atexit.o)
 .comment       0x0000000000000023       0x24 c:/software/altera/18.1/nios2eds/bin/gnu/h-x86_64-mingw32/bin/../lib/gcc/nios2-elf/5.3.0/../../../../../H-x86_64-mingw32/nios2-elf/lib\libc.a(lib_a-ctype_.o)
 .comment       0x0000000000000023       0x24 c:/software/altera/18.1/nios2eds/bin/gnu/h-x86_64-mingw32/bin/../lib/gcc/nios2-elf/5.3.0/../../../../../H-x86_64-mingw32/nios2-elf/lib\libc.a(lib_a-exit.o)
 .comment       0x0000000000000023       0x24 c:/software/altera/18.1/nios2eds/bin/gnu/h-x86_64-mingw32/bin/../lib/gcc/nios2-elf/5.3.0/../../../../../H-x86_64-mingw32/nios2-elf/lib\libc.a(lib_a-impure.o)
 .comment       0x0000000000000023       0x24 c:/software/altera/18.1/nios2eds/bin/gnu/h-x86_64-mingw32/bin/../lib/gcc/nios2-elf/5.3.0/../../../../../H-x86_64-mingw32/nios2-elf/lib\libc.a(lib_a-int_errno.o)
 .comment       0x0000000000000023       0x24 c:/software/altera/18.1/nios2eds/bin/gnu/h-x86_64-mingw32/bin/../lib/gcc/nios2-elf/5.3.0/../../../../../H-x86_64-mingw32/nios2-elf/lib\libc.a(lib_a-memcmp.o)
 .comment       0x0000000000000023       0x24 c:/software/altera/18.1/nios2eds/bin/gnu/h-x86_64-mingw32/bin/../lib/gcc/nios2-elf/5.3.0/../../../../../H-x86_64-mingw32/nios2-elf/lib\libc.a(lib_a-memcpy.o)
 .comment       0x0000000000000023       0x24 c:/software/altera/18.1/nios2eds/bin/gnu/h-x86_64-mingw32/bin/../lib/gcc/nios2-elf/5.3.0/../../../../../H-x86_64-mingw32/nios2-elf/lib\libc.a(lib_a-memset.o)
 .comment       0x0000000000000023       0x24 c:/software/altera/18.1/nios2eds/bin/gnu/h-x86_64-mingw32/bin/../lib/gcc/nios2-elf/5.3.0/../../../../../H-x86_64-mingw32/nios2-elf/lib\libc.a(lib_a-putc.o)
 .comment       0x0000000000000023       0x24 c:/software/altera/18.1/nios2eds/bin/gnu/h-x86_64-mingw32/bin/../lib/gcc/nios2-elf/5.3.0/../../../../../H-x86_64-mingw32/nios2-elf/lib\libc.a(lib_a-strlen.o)
 .comment       0x0000000000000023       0x24 c:/software/altera/18.1/nios2eds/bin/gnu/h-x86_64-mingw32/bin/../lib/gcc/nios2-elf/5.3.0/../../../../../H-x86_64-mingw32/nios2-elf/lib\libc.a(lib_a-wbuf.o)
 .comment       0x0000000000000023       0x24 c:/software/altera/18.1/nios2eds/bin/gnu/h-x86_64-mingw32/bin/../lib/gcc/nios2-elf/5.3.0/../../../../../H-x86_64-mingw32/nios2-elf/lib\libc.a(lib_a-wsetup.o)
 .comment       0x0000000000000023       0x24 c:/software/altera/18.1/nios2eds/bin/gnu/h-x86_64-mingw32/bin/../lib/gcc/nios2-elf/5.3.0/../../../../../H-x86_64-mingw32/nios2-elf/lib\libc.a(lib_a-__atexit.o)
 .comment       0x0000000000000023       0x24 c:/software/altera/18.1/nios2eds/bin/gnu/h-x86_64-mingw32/bin/../lib/gcc/nios2-elf/5.3.0/../../../../../H-x86_64-mingw32/nios2-elf/lib\libc.a(lib_a-__call_atexit.o)
 .comment       0x0000000000000023       0x24 c:/software/altera/18.1/nios2eds/bin/gnu/h-x86_64-mingw32/bin/../lib/gcc/nios2-elf/5.3.0/../../../../../H-x86_64-mingw32/nios2-elf/lib\libc.a(lib_a-fflush.o)
 .comment       0x0000000000000023       0x24 c:/software/altera/18.1/nios2eds/bin/gnu/h-x86_64-mingw32/bin/../lib/gcc/nios2-elf/5.3.0/../../../../../H-x86_64-mingw32/nios2-elf/lib\libc.a(lib_a-findfp.o)
 .comment       0x0000000000000023       0x24 c:/software/altera/18.1/nios2eds/bin/gnu/h-x86_64-mingw32/bin/../lib/gcc/nios2-elf/5.3.0/../../../../../H-x86_64-mingw32/nios2-elf/lib\libc.a(lib_a-freer.o)
 .comment       0x0000000000000023       0x24 c:/software/altera/18.1/nios2eds/bin/gnu/h-x86_64-mingw32/bin/../lib/gcc/nios2-elf/5.3.0/../../../../../H-x86_64-mingw32/nios2-elf/lib\libc.a(lib_a-fwalk.o)
 .comment       0x0000000000000023       0x24 c:/software/altera/18.1/nios2eds/bin/gnu/h-x86_64-mingw32/bin/../lib/gcc/nios2-elf/5.3.0/../../../../../H-x86_64-mingw32/nios2-elf/lib\libc.a(lib_a-makebuf.o)
 .comment       0x0000000000000023       0x24 c:/software/altera/18.1/nios2eds/bin/gnu/h-x86_64-mingw32/bin/../lib/gcc/nios2-elf/5.3.0/../../../../../H-x86_64-mingw32/nios2-elf/lib\libc.a(lib_a-mallocr.o)
 .comment       0x0000000000000023       0x24 c:/software/altera/18.1/nios2eds/bin/gnu/h-x86_64-mingw32/bin/../lib/gcc/nios2-elf/5.3.0/../../../../../H-x86_64-mingw32/nios2-elf/lib\libc.a(lib_a-sbrkr.o)
 .comment       0x0000000000000023       0x24 c:/software/altera/18.1/nios2eds/bin/gnu/h-x86_64-mingw32/bin/../lib/gcc/nios2-elf/5.3.0/../../../../../H-x86_64-mingw32/nios2-elf/lib\libc.a(lib_a-stdio.o)
 .comment       0x0000000000000023       0x24 c:/software/altera/18.1/nios2eds/bin/gnu/h-x86_64-mingw32/bin/../lib/gcc/nios2-elf/5.3.0/../../../../../H-x86_64-mingw32/nios2-elf/lib\libc.a(lib_a-writer.o)
 .comment       0x0000000000000023       0x24 c:/software/altera/18.1/nios2eds/bin/gnu/h-x86_64-mingw32/bin/../lib/gcc/nios2-elf/5.3.0/../../../../../H-x86_64-mingw32/nios2-elf/lib\libc.a(closer.o)
 .comment       0x0000000000000023       0x24 c:/software/altera/18.1/nios2eds/bin/gnu/h-x86_64-mingw32/bin/../lib/gcc/nios2-elf/5.3.0/../../../../../H-x86_64-mingw32/nios2-elf/lib\libc.a(lib_a-fclose.o)
 .comment       0x0000000000000023       0x24 c:/software/altera/18.1/nios2eds/bin/gnu/h-x86_64-mingw32/bin/../lib/gcc/nios2-elf/5.3.0/../../../../../H-x86_64-mingw32/nios2-elf/lib\libc.a(lib_a-fstatr.o)
 .comment       0x0000000000000023       0x24 c:/software/altera/18.1/nios2eds/bin/gnu/h-x86_64-mingw32/bin/../lib/gcc/nios2-elf/5.3.0/../../../../../H-x86_64-mingw32/nios2-elf/lib\libc.a(lib_a-isattyr.o)
 .comment       0x0000000000000023       0x24 c:/software/altera/18.1/nios2eds/bin/gnu/h-x86_64-mingw32/bin/../lib/gcc/nios2-elf/5.3.0/../../../../../H-x86_64-mingw32/nios2-elf/lib\libc.a(lib_a-lseekr.o)
 .comment       0x0000000000000023       0x24 c:/software/altera/18.1/nios2eds/bin/gnu/h-x86_64-mingw32/bin/../lib/gcc/nios2-elf/5.3.0/../../../../../H-x86_64-mingw32/nios2-elf/lib\libc.a(lib_a-readr.o)
 .comment       0x0000000000000023       0x24 c:/software/altera/18.1/nios2eds/bin/gnu/h-x86_64-mingw32/bin/../lib/gcc/nios2-elf/5.3.0\libgcc.a(lib2-divmod.o)
 .comment       0x0000000000000023       0x24 ../Lab2_Audio_Loop_bsp/\libhal_bsp.a(alt_exit.o)
 .comment       0x0000000000000023       0x24 ../Lab2_Audio_Loop_bsp/\libhal_bsp.a(alt_fstat.o)
 .comment       0x0000000000000023       0x24 ../Lab2_Audio_Loop_bsp/\libhal_bsp.a(alt_isatty.o)
 .comment       0x0000000000000023       0x24 ../Lab2_Audio_Loop_bsp/\libhal_bsp.a(alt_lseek.o)
 .comment       0x0000000000000023       0x24 ../Lab2_Audio_Loop_bsp/\libhal_bsp.a(alt_malloc_lock.o)
 .comment       0x0000000000000023       0x24 ../Lab2_Audio_Loop_bsp/\libhal_bsp.a(alt_read.o)
 .comment       0x0000000000000023       0x24 ../Lab2_Audio_Loop_bsp/\libhal_bsp.a(alt_sbrk.o)
 .comment       0x0000000000000023       0x24 ../Lab2_Audio_Loop_bsp/\libhal_bsp.a(alt_write.o)

.debug
 *(.debug)

.line
 *(.line)

.debug_srcinfo
 *(.debug_srcinfo)

.debug_sfnames
 *(.debug_sfnames)

.debug_aranges  0x0000000000000000      0xb10
 *(.debug_aranges)
 .debug_aranges
                0x0000000000000000       0x28 ../Lab2_Audio_Loop_bsp//obj/HAL/src/crt0.o
 .debug_aranges
                0x0000000000000028       0x20 obj/default/hello_world.o
 .debug_aranges
                0x0000000000000048       0x20 ../Lab2_Audio_Loop_bsp/\libhal_bsp.a(alt_load.o)
 .debug_aranges
                0x0000000000000068       0x20 ../Lab2_Audio_Loop_bsp/\libhal_bsp.a(alt_main.o)
 .debug_aranges
                0x0000000000000088       0x20 ../Lab2_Audio_Loop_bsp/\libhal_bsp.a(alt_printf.o)
 .debug_aranges
                0x00000000000000a8       0x20 ../Lab2_Audio_Loop_bsp/\libhal_bsp.a(alt_putchar.o)
 .debug_aranges
                0x00000000000000c8       0x20 ../Lab2_Audio_Loop_bsp/\libhal_bsp.a(alt_sys_init.o)
 .debug_aranges
                0x00000000000000e8       0x20 ../Lab2_Audio_Loop_bsp/\libhal_bsp.a(altera_avalon_jtag_uart_fd.o)
 .debug_aranges
                0x0000000000000108       0x20 ../Lab2_Audio_Loop_bsp/\libhal_bsp.a(altera_avalon_jtag_uart_init.o)
 .debug_aranges
                0x0000000000000128       0x20 ../Lab2_Audio_Loop_bsp/\libhal_bsp.a(altera_avalon_jtag_uart_ioctl.o)
 .debug_aranges
                0x0000000000000148       0x20 ../Lab2_Audio_Loop_bsp/\libhal_bsp.a(altera_avalon_jtag_uart_read.o)
 .debug_aranges
                0x0000000000000168       0x20 ../Lab2_Audio_Loop_bsp/\libhal_bsp.a(altera_avalon_jtag_uart_write.o)
 .debug_aranges
                0x0000000000000188       0x20 ../Lab2_Audio_Loop_bsp/\libhal_bsp.a(altera_avalon_lcd_16207.o)
 .debug_aranges
                0x00000000000001a8       0x20 ../Lab2_Audio_Loop_bsp/\libhal_bsp.a(altera_avalon_lcd_16207_fd.o)
 .debug_aranges
                0x00000000000001c8       0x20 ../Lab2_Audio_Loop_bsp/\libhal_bsp.a(altera_avalon_timer_sc.o)
 .debug_aranges
                0x00000000000001e8       0x20 ../Lab2_Audio_Loop_bsp/\libhal_bsp.a(altera_avalon_uart_fd.o)
 .debug_aranges
                0x0000000000000208       0x20 ../Lab2_Audio_Loop_bsp/\libhal_bsp.a(altera_avalon_uart_read.o)
 .debug_aranges
                0x0000000000000228       0x20 ../Lab2_Audio_Loop_bsp/\libhal_bsp.a(altera_avalon_uart_write.o)
 .debug_aranges
                0x0000000000000248       0x20 ../Lab2_Audio_Loop_bsp/\libhal_bsp.a(altera_up_avalon_audio.o)
 .debug_aranges
                0x0000000000000268       0x20 ../Lab2_Audio_Loop_bsp/\libhal_bsp.a(alt_alarm_start.o)
 .debug_aranges
                0x0000000000000288       0x20 ../Lab2_Audio_Loop_bsp/\libhal_bsp.a(alt_close.o)
 .debug_aranges
                0x00000000000002a8       0x20 ../Lab2_Audio_Loop_bsp/\libhal_bsp.a(alt_dcache_flush_all.o)
 .debug_aranges
                0x00000000000002c8       0x20 ../Lab2_Audio_Loop_bsp/\libhal_bsp.a(alt_dev.o)
 .debug_aranges
                0x00000000000002e8       0x20 ../Lab2_Audio_Loop_bsp/\libhal_bsp.a(alt_dev_llist_insert.o)
 .debug_aranges
                0x0000000000000308       0x20 ../Lab2_Audio_Loop_bsp/\libhal_bsp.a(alt_do_ctors.o)
 .debug_aranges
                0x0000000000000328       0x20 ../Lab2_Audio_Loop_bsp/\libhal_bsp.a(alt_do_dtors.o)
 .debug_aranges
                0x0000000000000348       0x18 ../Lab2_Audio_Loop_bsp/\libhal_bsp.a(alt_errno.o)
 .debug_aranges
                0x0000000000000360       0x20 ../Lab2_Audio_Loop_bsp/\libhal_bsp.a(alt_find_dev.o)
 .debug_aranges
                0x0000000000000380       0x20 ../Lab2_Audio_Loop_bsp/\libhal_bsp.a(alt_icache_flush_all.o)
 .debug_aranges
                0x00000000000003a0       0x20 ../Lab2_Audio_Loop_bsp/\libhal_bsp.a(alt_io_redirect.o)
 .debug_aranges
                0x00000000000003c0       0x20 ../Lab2_Audio_Loop_bsp/\libhal_bsp.a(alt_irq_register.o)
 .debug_aranges
                0x00000000000003e0       0x18 ../Lab2_Audio_Loop_bsp/\libhal_bsp.a(alt_irq_vars.o)
 .debug_aranges
                0x00000000000003f8       0x20 ../Lab2_Audio_Loop_bsp/\libhal_bsp.a(alt_open.o)
 .debug_aranges
                0x0000000000000418       0x20 ../Lab2_Audio_Loop_bsp/\libhal_bsp.a(alt_release_fd.o)
 .debug_aranges
                0x0000000000000438       0x20 ../Lab2_Audio_Loop_bsp/\libhal_bsp.a(alt_tick.o)
 .debug_aranges
                0x0000000000000458       0x20 ../Lab2_Audio_Loop_bsp/\libhal_bsp.a(alt_usleep.o)
 .debug_aranges
                0x0000000000000478       0x20 ../Lab2_Audio_Loop_bsp/\libhal_bsp.a(altera_nios2_gen2_irq.o)
 .debug_aranges
                0x0000000000000498       0x20 ../Lab2_Audio_Loop_bsp/\libhal_bsp.a(alt_busy_sleep.o)
 .debug_aranges
                0x00000000000004b8       0x20 ../Lab2_Audio_Loop_bsp/\libhal_bsp.a(alt_find_file.o)
 .debug_aranges
                0x00000000000004d8       0x20 ../Lab2_Audio_Loop_bsp/\libhal_bsp.a(alt_get_fd.o)
 .debug_aranges
                0x00000000000004f8       0x20 ../Lab2_Audio_Loop_bsp/\libhal_bsp.a(alt_icache_flush.o)
 .debug_aranges
                0x0000000000000518       0x30 ../Lab2_Audio_Loop_bsp/\libhal_bsp.a(alt_irq_entry.o)
 .debug_aranges
                0x0000000000000548       0x20 ../Lab2_Audio_Loop_bsp/\libhal_bsp.a(alt_irq_handler.o)
 .debug_aranges
                0x0000000000000568       0x38 ../Lab2_Audio_Loop_bsp/\libhal_bsp.a(alt_exception_entry.o)
 .debug_aranges
                0x00000000000005a0       0x28 ../Lab2_Audio_Loop_bsp/\libhal_bsp.a(alt_instruction_exception_entry.o)
 .debug_aranges
                0x00000000000005c8       0x20 c:/software/altera/18.1/nios2eds/bin/gnu/h-x86_64-mingw32/bin/../lib/gcc/nios2-elf/5.3.0/../../../../../H-x86_64-mingw32/nios2-elf/lib\libc.a(lib_a-atexit.o)
 .debug_aranges
                0x00000000000005e8       0x18 c:/software/altera/18.1/nios2eds/bin/gnu/h-x86_64-mingw32/bin/../lib/gcc/nios2-elf/5.3.0/../../../../../H-x86_64-mingw32/nios2-elf/lib\libc.a(lib_a-ctype_.o)
 .debug_aranges
                0x0000000000000600       0x20 c:/software/altera/18.1/nios2eds/bin/gnu/h-x86_64-mingw32/bin/../lib/gcc/nios2-elf/5.3.0/../../../../../H-x86_64-mingw32/nios2-elf/lib\libc.a(lib_a-exit.o)
 .debug_aranges
                0x0000000000000620       0x18 c:/software/altera/18.1/nios2eds/bin/gnu/h-x86_64-mingw32/bin/../lib/gcc/nios2-elf/5.3.0/../../../../../H-x86_64-mingw32/nios2-elf/lib\libc.a(lib_a-impure.o)
 .debug_aranges
                0x0000000000000638       0x18 c:/software/altera/18.1/nios2eds/bin/gnu/h-x86_64-mingw32/bin/../lib/gcc/nios2-elf/5.3.0/../../../../../H-x86_64-mingw32/nios2-elf/lib\libc.a(lib_a-int_errno.o)
 .debug_aranges
                0x0000000000000650       0x20 c:/software/altera/18.1/nios2eds/bin/gnu/h-x86_64-mingw32/bin/../lib/gcc/nios2-elf/5.3.0/../../../../../H-x86_64-mingw32/nios2-elf/lib\libc.a(lib_a-memcmp.o)
 .debug_aranges
                0x0000000000000670       0x20 c:/software/altera/18.1/nios2eds/bin/gnu/h-x86_64-mingw32/bin/../lib/gcc/nios2-elf/5.3.0/../../../../../H-x86_64-mingw32/nios2-elf/lib\libc.a(lib_a-memcpy.o)
 .debug_aranges
                0x0000000000000690       0x20 c:/software/altera/18.1/nios2eds/bin/gnu/h-x86_64-mingw32/bin/../lib/gcc/nios2-elf/5.3.0/../../../../../H-x86_64-mingw32/nios2-elf/lib\libc.a(lib_a-memset.o)
 .debug_aranges
                0x00000000000006b0       0x28 c:/software/altera/18.1/nios2eds/bin/gnu/h-x86_64-mingw32/bin/../lib/gcc/nios2-elf/5.3.0/../../../../../H-x86_64-mingw32/nios2-elf/lib\libc.a(lib_a-putc.o)
 .debug_aranges
                0x00000000000006d8       0x20 c:/software/altera/18.1/nios2eds/bin/gnu/h-x86_64-mingw32/bin/../lib/gcc/nios2-elf/5.3.0/../../../../../H-x86_64-mingw32/nios2-elf/lib\libc.a(lib_a-strlen.o)
 .debug_aranges
                0x00000000000006f8       0x28 c:/software/altera/18.1/nios2eds/bin/gnu/h-x86_64-mingw32/bin/../lib/gcc/nios2-elf/5.3.0/../../../../../H-x86_64-mingw32/nios2-elf/lib\libc.a(lib_a-wbuf.o)
 .debug_aranges
                0x0000000000000720       0x20 c:/software/altera/18.1/nios2eds/bin/gnu/h-x86_64-mingw32/bin/../lib/gcc/nios2-elf/5.3.0/../../../../../H-x86_64-mingw32/nios2-elf/lib\libc.a(lib_a-wsetup.o)
 .debug_aranges
                0x0000000000000740       0x20 c:/software/altera/18.1/nios2eds/bin/gnu/h-x86_64-mingw32/bin/../lib/gcc/nios2-elf/5.3.0/../../../../../H-x86_64-mingw32/nios2-elf/lib\libc.a(lib_a-__atexit.o)
 .debug_aranges
                0x0000000000000760       0x20 c:/software/altera/18.1/nios2eds/bin/gnu/h-x86_64-mingw32/bin/../lib/gcc/nios2-elf/5.3.0/../../../../../H-x86_64-mingw32/nios2-elf/lib\libc.a(lib_a-__call_atexit.o)
 .debug_aranges
                0x0000000000000780       0x30 c:/software/altera/18.1/nios2eds/bin/gnu/h-x86_64-mingw32/bin/../lib/gcc/nios2-elf/5.3.0/../../../../../H-x86_64-mingw32/nios2-elf/lib\libc.a(lib_a-fflush.o)
 .debug_aranges
                0x00000000000007b0       0x68 c:/software/altera/18.1/nios2eds/bin/gnu/h-x86_64-mingw32/bin/../lib/gcc/nios2-elf/5.3.0/../../../../../H-x86_64-mingw32/nios2-elf/lib\libc.a(lib_a-findfp.o)
 .debug_aranges
                0x0000000000000818       0x28 c:/software/altera/18.1/nios2eds/bin/gnu/h-x86_64-mingw32/bin/../lib/gcc/nios2-elf/5.3.0/../../../../../H-x86_64-mingw32/nios2-elf/lib\libc.a(lib_a-freer.o)
 .debug_aranges
                0x0000000000000840       0x28 c:/software/altera/18.1/nios2eds/bin/gnu/h-x86_64-mingw32/bin/../lib/gcc/nios2-elf/5.3.0/../../../../../H-x86_64-mingw32/nios2-elf/lib\libc.a(lib_a-fwalk.o)
 .debug_aranges
                0x0000000000000868       0x20 c:/software/altera/18.1/nios2eds/bin/gnu/h-x86_64-mingw32/bin/../lib/gcc/nios2-elf/5.3.0/../../../../../H-x86_64-mingw32/nios2-elf/lib\libc.a(lib_a-makebuf.o)
 .debug_aranges
                0x0000000000000888       0x20 c:/software/altera/18.1/nios2eds/bin/gnu/h-x86_64-mingw32/bin/../lib/gcc/nios2-elf/5.3.0/../../../../../H-x86_64-mingw32/nios2-elf/lib\libc.a(lib_a-mallocr.o)
 .debug_aranges
                0x00000000000008a8       0x20 c:/software/altera/18.1/nios2eds/bin/gnu/h-x86_64-mingw32/bin/../lib/gcc/nios2-elf/5.3.0/../../../../../H-x86_64-mingw32/nios2-elf/lib\libc.a(lib_a-sbrkr.o)
 .debug_aranges
                0x00000000000008c8       0x40 c:/software/altera/18.1/nios2eds/bin/gnu/h-x86_64-mingw32/bin/../lib/gcc/nios2-elf/5.3.0/../../../../../H-x86_64-mingw32/nios2-elf/lib\libc.a(lib_a-stdio.o)
 .debug_aranges
                0x0000000000000908       0x20 c:/software/altera/18.1/nios2eds/bin/gnu/h-x86_64-mingw32/bin/../lib/gcc/nios2-elf/5.3.0/../../../../../H-x86_64-mingw32/nios2-elf/lib\libc.a(lib_a-writer.o)
 .debug_aranges
                0x0000000000000928       0x20 c:/software/altera/18.1/nios2eds/bin/gnu/h-x86_64-mingw32/bin/../lib/gcc/nios2-elf/5.3.0/../../../../../H-x86_64-mingw32/nios2-elf/lib\libc.a(closer.o)
 .debug_aranges
                0x0000000000000948       0x28 c:/software/altera/18.1/nios2eds/bin/gnu/h-x86_64-mingw32/bin/../lib/gcc/nios2-elf/5.3.0/../../../../../H-x86_64-mingw32/nios2-elf/lib\libc.a(lib_a-fclose.o)
 .debug_aranges
                0x0000000000000970       0x20 c:/software/altera/18.1/nios2eds/bin/gnu/h-x86_64-mingw32/bin/../lib/gcc/nios2-elf/5.3.0/../../../../../H-x86_64-mingw32/nios2-elf/lib\libc.a(lib_a-fstatr.o)
 .debug_aranges
                0x0000000000000990       0x20 c:/software/altera/18.1/nios2eds/bin/gnu/h-x86_64-mingw32/bin/../lib/gcc/nios2-elf/5.3.0/../../../../../H-x86_64-mingw32/nios2-elf/lib\libc.a(lib_a-isattyr.o)
 .debug_aranges